Archive member included to satisfy reference by file (symbol)

/home/peter/eclipse/plugins/fr.ac6.mcu.externaltools.arm-none.linux64_1.12.0.201611241417/tools/compiler/bin/../lib/gcc/arm-none-eabi/5.4.1/armv6-m/libgcc.a(_thumb1_case_uqi.o)
                              Drivers/STM32L0xx_HAL_Driver/Src/stm32l0xx_hal_rcc.o (__gnu_thumb1_case_uqi)
/home/peter/eclipse/plugins/fr.ac6.mcu.externaltools.arm-none.linux64_1.12.0.201611241417/tools/compiler/bin/../lib/gcc/arm-none-eabi/5.4.1/armv6-m/libgcc.a(_udivsi3.o)
                              Drivers/STM32L0xx_HAL_Driver/Src/stm32l0xx_hal.o (__aeabi_uidiv)
/home/peter/eclipse/plugins/fr.ac6.mcu.externaltools.arm-none.linux64_1.12.0.201611241417/tools/compiler/bin/../lib/gcc/arm-none-eabi/5.4.1/armv6-m/libgcc.a(_dvmd_tls.o)
                              /home/peter/eclipse/plugins/fr.ac6.mcu.externaltools.arm-none.linux64_1.12.0.201611241417/tools/compiler/bin/../lib/gcc/arm-none-eabi/5.4.1/armv6-m/libgcc.a(_udivsi3.o) (__aeabi_idiv0)
/home/peter/eclipse/plugins/fr.ac6.mcu.externaltools.arm-none.linux64_1.12.0.201611241417/tools/compiler/bin/../lib/gcc/arm-none-eabi/5.4.1/../../../../arm-none-eabi/lib/armv6-m/libc_nano.a(lib_a-exit.o)
                              /home/peter/eclipse/plugins/fr.ac6.mcu.externaltools.arm-none.linux64_1.12.0.201611241417/tools/compiler/bin/../lib/gcc/arm-none-eabi/5.4.1/../../../../arm-none-eabi/lib/armv6-m/crt0.o (exit)
/home/peter/eclipse/plugins/fr.ac6.mcu.externaltools.arm-none.linux64_1.12.0.201611241417/tools/compiler/bin/../lib/gcc/arm-none-eabi/5.4.1/../../../../arm-none-eabi/lib/armv6-m/libc_nano.a(lib_a-impure.o)
                              /home/peter/eclipse/plugins/fr.ac6.mcu.externaltools.arm-none.linux64_1.12.0.201611241417/tools/compiler/bin/../lib/gcc/arm-none-eabi/5.4.1/../../../../arm-none-eabi/lib/armv6-m/libc_nano.a(lib_a-exit.o) (_global_impure_ptr)
/home/peter/eclipse/plugins/fr.ac6.mcu.externaltools.arm-none.linux64_1.12.0.201611241417/tools/compiler/bin/../lib/gcc/arm-none-eabi/5.4.1/../../../../arm-none-eabi/lib/armv6-m/libc_nano.a(lib_a-init.o)
                              /home/peter/eclipse/plugins/fr.ac6.mcu.externaltools.arm-none.linux64_1.12.0.201611241417/tools/compiler/bin/../lib/gcc/arm-none-eabi/5.4.1/../../../../arm-none-eabi/lib/armv6-m/crt0.o (__libc_init_array)
/home/peter/eclipse/plugins/fr.ac6.mcu.externaltools.arm-none.linux64_1.12.0.201611241417/tools/compiler/bin/../lib/gcc/arm-none-eabi/5.4.1/../../../../arm-none-eabi/lib/armv6-m/libc_nano.a(lib_a-memset.o)
                              /home/peter/eclipse/plugins/fr.ac6.mcu.externaltools.arm-none.linux64_1.12.0.201611241417/tools/compiler/bin/../lib/gcc/arm-none-eabi/5.4.1/../../../../arm-none-eabi/lib/armv6-m/crt0.o (memset)
/home/peter/eclipse/plugins/fr.ac6.mcu.externaltools.arm-none.linux64_1.12.0.201611241417/tools/compiler/bin/../lib/gcc/arm-none-eabi/5.4.1/../../../../arm-none-eabi/lib/armv6-m/libnosys.a(_exit.o)
                              /home/peter/eclipse/plugins/fr.ac6.mcu.externaltools.arm-none.linux64_1.12.0.201611241417/tools/compiler/bin/../lib/gcc/arm-none-eabi/5.4.1/../../../../arm-none-eabi/lib/armv6-m/libc_nano.a(lib_a-exit.o) (_exit)

Allocating common symbols
Common symbol       size              file

uwTick              0x4               Drivers/STM32L0xx_HAL_Driver/Src/stm32l0xx_hal.o
ProcFlash           0x18              Drivers/STM32L0xx_HAL_Driver/Src/stm32l0xx_hal_flash.o
kt                  0x10              Src/kt.o
hrtc                0x24              Src/rtc.o
hlcd                0x3c              Src/lcd.o
htim2               0x38              Src/tim.o

Discarded input sections

 .text          0x00000000        0x0 /home/peter/eclipse/plugins/fr.ac6.mcu.externaltools.arm-none.linux64_1.12.0.201611241417/tools/compiler/bin/../lib/gcc/arm-none-eabi/5.4.1/armv6-m/crti.o
 .data          0x00000000        0x0 /home/peter/eclipse/plugins/fr.ac6.mcu.externaltools.arm-none.linux64_1.12.0.201611241417/tools/compiler/bin/../lib/gcc/arm-none-eabi/5.4.1/armv6-m/crti.o
 .bss           0x00000000        0x0 /home/peter/eclipse/plugins/fr.ac6.mcu.externaltools.arm-none.linux64_1.12.0.201611241417/tools/compiler/bin/../lib/gcc/arm-none-eabi/5.4.1/armv6-m/crti.o
 .data          0x00000000        0x4 /home/peter/eclipse/plugins/fr.ac6.mcu.externaltools.arm-none.linux64_1.12.0.201611241417/tools/compiler/bin/../lib/gcc/arm-none-eabi/5.4.1/armv6-m/crtbegin.o
 .text          0x00000000       0x78 /home/peter/eclipse/plugins/fr.ac6.mcu.externaltools.arm-none.linux64_1.12.0.201611241417/tools/compiler/bin/../lib/gcc/arm-none-eabi/5.4.1/../../../../arm-none-eabi/lib/armv6-m/crt0.o
 .data          0x00000000        0x0 /home/peter/eclipse/plugins/fr.ac6.mcu.externaltools.arm-none.linux64_1.12.0.201611241417/tools/compiler/bin/../lib/gcc/arm-none-eabi/5.4.1/../../../../arm-none-eabi/lib/armv6-m/crt0.o
[...]
Memory Configuration

Name             Origin             Length             Attributes
RAM              0x20000000         0x00002000         xrw
FLASH            0x08000000         0x00010000         xr
*default*        0x00000000         0xffffffff

Linker script and memory map

LOAD /home/peter/eclipse/plugins/fr.ac6.mcu.externaltools.arm-none.linux64_1.12.0.201611241417/tools/compiler/bin/../lib/gcc/arm-none-eabi/5.4.1/armv6-m/crti.o
LOAD /home/peter/eclipse/plugins/fr.ac6.mcu.externaltools.arm-none.linux64_1.12.0.201611241417/tools/compiler/bin/../lib/gcc/arm-none-eabi/5.4.1/armv6-m/crtbegin.o
LOAD /home/peter/eclipse/plugins/fr.ac6.mcu.externaltools.arm-none.linux64_1.12.0.201611241417/tools/compiler/bin/../lib/gcc/arm-none-eabi/5.4.1/../../../../arm-none-eabi/lib/armv6-m/crt0.o
LOAD /home/peter/eclipse/plugins/fr.ac6.mcu.externaltools.arm-none.linux64_1.12.0.201611241417/tools/compiler/bin/../lib/gcc/arm-none-eabi/5.4.1/../../../../arm-none-eabi/lib/armv6-m/libm.a
LOAD Drivers/CMSIS/Device/ST/STM32L0xx/Source/Templates/gcc/startup_stm32l053xx.o
LOAD Drivers/STM32L0xx_HAL_Driver/Src/stm32l0xx_hal.o
LOAD Drivers/STM32L0xx_HAL_Driver/Src/stm32l0xx_hal_cortex.o
LOAD Drivers/STM32L0xx_HAL_Driver/Src/stm32l0xx_hal_dma.o
LOAD Drivers/STM32L0xx_HAL_Driver/Src/stm32l0xx_hal_flash.o
LOAD Drivers/STM32L0xx_HAL_Driver/Src/stm32l0xx_hal_flash_ex.o
LOAD Drivers/STM32L0xx_HAL_Driver/Src/stm32l0xx_hal_flash_ramfunc.o
LOAD Drivers/STM32L0xx_HAL_Driver/Src/stm32l0xx_hal_gpio.o
LOAD Drivers/STM32L0xx_HAL_Driver/Src/stm32l0xx_hal_i2c.o
LOAD Drivers/STM32L0xx_HAL_Driver/Src/stm32l0xx_hal_i2c_ex.o
LOAD Drivers/STM32L0xx_HAL_Driver/Src/stm32l0xx_hal_lcd.o
LOAD Drivers/STM32L0xx_HAL_Driver/Src/stm32l0xx_hal_pwr.o
LOAD Drivers/STM32L0xx_HAL_Driver/Src/stm32l0xx_hal_pwr_ex.o
LOAD Drivers/STM32L0xx_HAL_Driver/Src/stm32l0xx_hal_rcc.o
LOAD Drivers/STM32L0xx_HAL_Driver/Src/stm32l0xx_hal_rcc_ex.o
LOAD Drivers/STM32L0xx_HAL_Driver/Src/stm32l0xx_hal_rtc.o
LOAD Drivers/STM32L0xx_HAL_Driver/Src/stm32l0xx_hal_rtc_ex.o
LOAD Drivers/STM32L0xx_HAL_Driver/Src/stm32l0xx_hal_tim.o
LOAD Drivers/STM32L0xx_HAL_Driver/Src/stm32l0xx_hal_tim_ex.o
LOAD Src/eeprom.o
LOAD Src/gpio.o
LOAD Src/kt.o
LOAD Src/lcd.o
LOAD Src/main.o
LOAD Src/rtc.o
LOAD Src/screen.o
LOAD Src/stm32l0xx_hal_msp.o
LOAD Src/stm32l0xx_it.o
LOAD Src/system_clock_conf.o
LOAD Src/system_stm32l0xx.o
LOAD Src/tim.o
START GROUP
LOAD /home/peter/eclipse/plugins/fr.ac6.mcu.externaltools.arm-none.linux64_1.12.0.201611241417/tools/compiler/bin/../lib/gcc/arm-none-eabi/5.4.1/armv6-m/libgcc.a
LOAD /home/peter/eclipse/plugins/fr.ac6.mcu.externaltools.arm-none.linux64_1.12.0.201611241417/tools/compiler/bin/../lib/gcc/arm-none-eabi/5.4.1/../../../../arm-none-eabi/lib/armv6-m/libc_nano.a
END GROUP
START GROUP
LOAD /home/peter/eclipse/plugins/fr.ac6.mcu.externaltools.arm-none.linux64_1.12.0.201611241417/tools/compiler/bin/../lib/gcc/arm-none-eabi/5.4.1/armv6-m/libgcc.a
LOAD /home/peter/eclipse/plugins/fr.ac6.mcu.externaltools.arm-none.linux64_1.12.0.201611241417/tools/compiler/bin/../lib/gcc/arm-none-eabi/5.4.1/../../../../arm-none-eabi/lib/armv6-m/libc_nano.a
LOAD /home/peter/eclipse/plugins/fr.ac6.mcu.externaltools.arm-none.linux64_1.12.0.201611241417/tools/compiler/bin/../lib/gcc/arm-none-eabi/5.4.1/../../../../arm-none-eabi/lib/armv6-m/libnosys.a
END GROUP
START GROUP
LOAD /home/peter/eclipse/plugins/fr.ac6.mcu.externaltools.arm-none.linux64_1.12.0.201611241417/tools/compiler/bin/../lib/gcc/arm-none-eabi/5.4.1/armv6-m/libgcc.a
LOAD /home/peter/eclipse/plugins/fr.ac6.mcu.externaltools.arm-none.linux64_1.12.0.201611241417/tools/compiler/bin/../lib/gcc/arm-none-eabi/5.4.1/../../../../arm-none-eabi/lib/armv6-m/libc_nano.a
LOAD /home/peter/eclipse/plugins/fr.ac6.mcu.externaltools.arm-none.linux64_1.12.0.201611241417/tools/compiler/bin/../lib/gcc/arm-none-eabi/5.4.1/../../../../arm-none-eabi/lib/armv6-m/libnosys.a
END GROUP
LOAD /home/peter/eclipse/plugins/fr.ac6.mcu.externaltools.arm-none.linux64_1.12.0.201611241417/tools/compiler/bin/../lib/gcc/arm-none-eabi/5.4.1/armv6-m/crtend.o
LOAD /home/peter/eclipse/plugins/fr.ac6.mcu.externaltools.arm-none.linux64_1.12.0.201611241417/tools/compiler/bin/../lib/gcc/arm-none-eabi/5.4.1/armv6-m/crtn.o
                0x20002000                _estack = 0x20002000
                0x00000200                _Min_Heap_Size = 0x200
                0x00000400                _Min_Stack_Size = 0x400

.isr_vector     0x08000000       0xc0
                0x08000000                . = ALIGN (0x4)
 *(.isr_vector)
 .isr_vector    0x08000000       0xc0 Drivers/CMSIS/Device/ST/STM32L0xx/Source/Templates/gcc/startup_stm32l053xx.o
                0x08000000                g_pfnVectors
                0x080000c0                . = ALIGN (0x4)

.text           0x080000c0     0x24d0
                0x080000c0                . = ALIGN (0x4)
 *(.text)
 .text          0x080000c0       0x60 /home/peter/eclipse/plugins/fr.ac6.mcu.externaltools.arm-none.linux64_1.12.0.201611241417/tools/compiler/bin/../lib/gcc/arm-none-eabi/5.4.1/armv6-m/crtbegin.o
 .text          0x08000120       0x14 /home/peter/eclipse/plugins/fr.ac6.mcu.externaltools.arm-none.linux64_1.12.0.201611241417/tools/compiler/bin/../lib/gcc/arm-none-eabi/5.4.1/armv6-m/libgcc.a(_thumb1_case_uqi.o)
                0x08000120                __gnu_thumb1_case_uqi
 .text          0x08000134      0x114 /home/peter/eclipse/plugins/fr.ac6.mcu.externaltools.arm-none.linux64_1.12.0.201611241417/tools/compiler/bin/../lib/gcc/arm-none-eabi/5.4.1/armv6-m/libgcc.a(_udivsi3.o)
                0x08000134                __udivsi3
                0x08000134                __aeabi_uidiv
                0x08000240                __aeabi_uidivmod
 .text          0x08000248        0x4 /home/peter/eclipse/plugins/fr.ac6.mcu.externaltools.arm-none.linux64_1.12.0.201611241417/tools/compiler/bin/../lib/gcc/arm-none-eabi/5.4.1/armv6-m/libgcc.a(_dvmd_tls.o)
                0x08000248                __aeabi_ldiv0
                0x08000248                __aeabi_idiv0
 *(.text*)
 .text.Reset_Handler
                0x0800024c       0x50 Drivers/CMSIS/Device/ST/STM32L0xx/Source/Templates/gcc/startup_stm32l053xx.o
                0x0800024c                Reset_Handler
 .text.Default_Handler
                0x0800029c        0x2 Drivers/CMSIS/Device/ST/STM32L0xx/Source/Templates/gcc/startup_stm32l053xx.o
                0x0800029c                TSC_IRQHandler
                0x0800029c                ADC1_COMP_IRQHandler
                0x0800029c                PVD_IRQHandler
                0x0800029c                I2C1_IRQHandler
                0x0800029c                RCC_CRS_IRQHandler
                0x0800029c                SPI1_IRQHandler
                0x0800029c                TIM6_DAC_IRQHandler
                0x0800029c                EXTI2_3_IRQHandler
                0x0800029c                I2C2_IRQHandler
                0x0800029c                LCD_IRQHandler
                0x0800029c                DMA1_Channel4_5_6_7_IRQHandler
                0x0800029c                DMA1_Channel1_IRQHandler
                0x0800029c                Default_Handler
                0x0800029c                TIM22_IRQHandler
                0x0800029c                EXTI0_1_IRQHandler
                0x0800029c                USB_IRQHandler
                0x0800029c                SPI2_IRQHandler
                0x0800029c                TIM21_IRQHandler
                0x0800029c                WWDG_IRQHandler
                0x0800029c                TIM2_IRQHandler
                0x0800029c                DMA1_Channel2_3_IRQHandler
                0x0800029c                USART2_IRQHandler
                0x0800029c                FLASH_IRQHandler
                0x0800029c                USART1_IRQHandler
                0x0800029c                RNG_LPUART1_IRQHandler
                0x0800029c                LPTIM1_IRQHandler
 *fill*         0x0800029e        0x2 
 .text.HAL_InitTick
                0x080002a0       0x28 Drivers/STM32L0xx_HAL_Driver/Src/stm32l0xx_hal.o
                0x080002a0                HAL_InitTick
 .text.HAL_Init
                0x080002c8       0x20 Drivers/STM32L0xx_HAL_Driver/Src/stm32l0xx_hal.o
                0x080002c8                HAL_Init
 .text.HAL_IncTick
                0x080002e8       0x10 Drivers/STM32L0xx_HAL_Driver/Src/stm32l0xx_hal.o
                0x080002e8                HAL_IncTick
 .text.HAL_GetTick
                0x080002f8        0xc Drivers/STM32L0xx_HAL_Driver/Src/stm32l0xx_hal.o
                0x080002f8                HAL_GetTick
 .text.HAL_SuspendTick
                0x08000304       0x10 Drivers/STM32L0xx_HAL_Driver/Src/stm32l0xx_hal.o
                0x08000304                HAL_SuspendTick
 .text.HAL_ResumeTick
                0x08000314       0x10 Drivers/STM32L0xx_HAL_Driver/Src/stm32l0xx_hal.o
                0x08000314                HAL_ResumeTick
 .text.HAL_NVIC_SetPriority
                0x08000324       0x60 Drivers/STM32L0xx_HAL_Driver/Src/stm32l0xx_hal_cortex.o
                0x08000324                HAL_NVIC_SetPriority
 .text.HAL_NVIC_EnableIRQ
                0x08000384       0x14 Drivers/STM32L0xx_HAL_Driver/Src/stm32l0xx_hal_cortex.o
                0x08000384                HAL_NVIC_EnableIRQ
 .text.HAL_NVIC_DisableIRQ
                0x08000398       0x14 Drivers/STM32L0xx_HAL_Driver/Src/stm32l0xx_hal_cortex.o
                0x08000398                HAL_NVIC_DisableIRQ
 .text.HAL_SYSTICK_Config
                0x080003ac       0x34 Drivers/STM32L0xx_HAL_Driver/Src/stm32l0xx_hal_cortex.o
                0x080003ac                HAL_SYSTICK_Config
 .text.HAL_SYSTICK_CLKSourceConfig
                0x080003e0       0x1c Drivers/STM32L0xx_HAL_Driver/Src/stm32l0xx_hal_cortex.o
                0x080003e0                HAL_SYSTICK_CLKSourceConfig
 .text.HAL_SYSTICK_Callback
                0x080003fc        0x2 Drivers/STM32L0xx_HAL_Driver/Src/stm32l0xx_hal_cortex.o
                0x080003fc                HAL_SYSTICK_Callback
 .text.HAL_SYSTICK_IRQHandler
                0x080003fe        0x8 Drivers/STM32L0xx_HAL_Driver/Src/stm32l0xx_hal_cortex.o
                0x080003fe                HAL_SYSTICK_IRQHandler
 *fill*         0x08000406        0x2 
 .text.FLASH_SetErrorCode
                0x08000408       0x84 Drivers/STM32L0xx_HAL_Driver/Src/stm32l0xx_hal_flash.o
 .text.FLASH_WaitForLastOperation
                0x0800048c       0x74 Drivers/STM32L0xx_HAL_Driver/Src/stm32l0xx_hal_flash.o
                0x0800048c                FLASH_WaitForLastOperation
 .text.HAL_FLASHEx_DATAEEPROM_Unlock
                0x08000500       0x24 Drivers/STM32L0xx_HAL_Driver/Src/stm32l0xx_hal_flash_ex.o
                0x08000500                HAL_FLASHEx_DATAEEPROM_Unlock
 .text.HAL_FLASHEx_DATAEEPROM_Lock
                0x08000524       0x14 Drivers/STM32L0xx_HAL_Driver/Src/stm32l0xx_hal_flash_ex.o
                0x08000524                HAL_FLASHEx_DATAEEPROM_Lock
 .text.HAL_FLASHEx_DATAEEPROM_Program
                0x08000538       0x50 Drivers/STM32L0xx_HAL_Driver/Src/stm32l0xx_hal_flash_ex.o
                0x08000538                HAL_FLASHEx_DATAEEPROM_Program
 .text.HAL_GPIO_Init
                0x08000588      0x16c Drivers/STM32L0xx_HAL_Driver/Src/stm32l0xx_hal_gpio.o
                0x08000588                HAL_GPIO_Init
 .text.HAL_GPIO_ReadPin
                0x080006f4        0xc Drivers/STM32L0xx_HAL_Driver/Src/stm32l0xx_hal_gpio.o
                0x080006f4                HAL_GPIO_ReadPin
 .text.HAL_GPIO_WritePin
                0x08000700        0xc Drivers/STM32L0xx_HAL_Driver/Src/stm32l0xx_hal_gpio.o
                0x08000700                HAL_GPIO_WritePin
 .text.HAL_GPIO_EXTI_IRQHandler
                0x0800070c       0x18 Drivers/STM32L0xx_HAL_Driver/Src/stm32l0xx_hal_gpio.o
                0x0800070c                HAL_GPIO_EXTI_IRQHandler
 .text.HAL_LCD_UpdateDisplayRequest
                0x08000724       0x4e Drivers/STM32L0xx_HAL_Driver/Src/stm32l0xx_hal_lcd.o
                0x08000724                HAL_LCD_UpdateDisplayRequest
 .text.LCD_WaitForSynchro
                0x08000772       0x2e Drivers/STM32L0xx_HAL_Driver/Src/stm32l0xx_hal_lcd.o
                0x08000772                LCD_WaitForSynchro
 .text.HAL_LCD_Init
                0x080007a0       0xf4 Drivers/STM32L0xx_HAL_Driver/Src/stm32l0xx_hal_lcd.o
                0x080007a0                HAL_LCD_Init
 .text.HAL_PWR_EnableWakeUpPin
                0x08000894       0x10 Drivers/STM32L0xx_HAL_Driver/Src/stm32l0xx_hal_pwr.o
                0x08000894                HAL_PWR_EnableWakeUpPin
 .text.HAL_PWR_EnterSTOPMode
                0x080008a4       0x38 Drivers/STM32L0xx_HAL_Driver/Src/stm32l0xx_hal_pwr.o
                0x080008a4                HAL_PWR_EnterSTOPMode
 .text.HAL_PWR_EnterSTANDBYMode
                0x080008dc       0x20 Drivers/STM32L0xx_HAL_Driver/Src/stm32l0xx_hal_pwr.o
                0x080008dc                HAL_PWR_EnterSTANDBYMode
 .text.HAL_PWREx_EnableUltraLowPower
                0x080008fc       0x14 Drivers/STM32L0xx_HAL_Driver/Src/stm32l0xx_hal_pwr_ex.o
                0x080008fc                HAL_PWREx_EnableUltraLowPower
 .text.HAL_RCC_GetSysClockFreq
                0x08000910       0x84 Drivers/STM32L0xx_HAL_Driver/Src/stm32l0xx_hal_rcc.o
                0x08000910                HAL_RCC_GetSysClockFreq
 .text.HAL_RCC_OscConfig
                0x08000994      0x4cc Drivers/STM32L0xx_HAL_Driver/Src/stm32l0xx_hal_rcc.o
                0x08000994                HAL_RCC_OscConfig
 .text.HAL_RCC_ClockConfig
                0x08000e60      0x16c Drivers/STM32L0xx_HAL_Driver/Src/stm32l0xx_hal_rcc.o
                0x08000e60                HAL_RCC_ClockConfig
 .text.HAL_RCC_GetHCLKFreq
                0x08000fcc        0xc Drivers/STM32L0xx_HAL_Driver/Src/stm32l0xx_hal_rcc.o
                0x08000fcc                HAL_RCC_GetHCLKFreq
 .text.HAL_RCCEx_PeriphCLKConfig
                0x08000fd8      0x190 Drivers/STM32L0xx_HAL_Driver/Src/stm32l0xx_hal_rcc_ex.o
                0x08000fd8                HAL_RCCEx_PeriphCLKConfig
 .text.HAL_RCCEx_EnableLSECSS
                0x08001168       0x14 Drivers/STM32L0xx_HAL_Driver/Src/stm32l0xx_hal_rcc_ex.o
                0x08001168                HAL_RCCEx_EnableLSECSS
 .text.HAL_RTC_WaitForSynchro
                0x0800117c       0x34 Drivers/STM32L0xx_HAL_Driver/Src/stm32l0xx_hal_rtc.o
                0x0800117c                HAL_RTC_WaitForSynchro
 .text.RTC_EnterInitMode
                0x080011b0       0x38 Drivers/STM32L0xx_HAL_Driver/Src/stm32l0xx_hal_rtc.o
                0x080011b0                RTC_EnterInitMode
 .text.HAL_RTC_Init
                0x080011e8       0x94 Drivers/STM32L0xx_HAL_Driver/Src/stm32l0xx_hal_rtc.o
                0x080011e8                HAL_RTC_Init
 .text.RTC_ByteToBcd2
                0x0800127c       0x16 Drivers/STM32L0xx_HAL_Driver/Src/stm32l0xx_hal_rtc.o
                0x0800127c                RTC_ByteToBcd2
 *fill*         0x08001292        0x2 
 .text.HAL_RTC_SetTime
                0x08001294       0xfc Drivers/STM32L0xx_HAL_Driver/Src/stm32l0xx_hal_rtc.o
                0x08001294                HAL_RTC_SetTime
 .text.HAL_RTC_SetDate
                0x08001390       0xe0 Drivers/STM32L0xx_HAL_Driver/Src/stm32l0xx_hal_rtc.o
                0x08001390                HAL_RTC_SetDate
 .text.HAL_RTCEx_SetWakeUpTimer_IT
                0x08001470       0xf8 Drivers/STM32L0xx_HAL_Driver/Src/stm32l0xx_hal_rtc_ex.o
                0x08001470                HAL_RTCEx_SetWakeUpTimer_IT
 .text.HAL_RTCEx_WakeUpTimerIRQHandler
                0x08001568       0x34 Drivers/STM32L0xx_HAL_Driver/Src/stm32l0xx_hal_rtc_ex.o
                0x08001568                HAL_RTCEx_WakeUpTimerIRQHandler
 .text.TIM_Base_SetConfig
                0x0800159c       0x58 Drivers/STM32L0xx_HAL_Driver/Src/stm32l0xx_hal_tim.o
 .text.TIM_OC1_SetConfig
                0x080015f4       0x2c Drivers/STM32L0xx_HAL_Driver/Src/stm32l0xx_hal_tim.o
 .text.TIM_OC2_SetConfig
                0x08001620       0x34 Drivers/STM32L0xx_HAL_Driver/Src/stm32l0xx_hal_tim.o
 .text.TIM_CCxChannelCmd
                0x08001654       0x16 Drivers/STM32L0xx_HAL_Driver/Src/stm32l0xx_hal_tim.o
 .text.HAL_TIM_Base_Init
                0x0800166a       0x36 Drivers/STM32L0xx_HAL_Driver/Src/stm32l0xx_hal_tim.o
                0x0800166a                HAL_TIM_Base_Init
 .text.HAL_TIM_PWM_MspInit
                0x080016a0        0x2 Drivers/STM32L0xx_HAL_Driver/Src/stm32l0xx_hal_tim.o
                0x080016a0                HAL_TIM_PWM_MspInit
 .text.HAL_TIM_PWM_Init
                0x080016a2       0x36 Drivers/STM32L0xx_HAL_Driver/Src/stm32l0xx_hal_tim.o
                0x080016a2                HAL_TIM_PWM_Init
 .text.HAL_TIM_PWM_Stop
                0x080016d8       0x2c Drivers/STM32L0xx_HAL_Driver/Src/stm32l0xx_hal_tim.o
                0x080016d8                HAL_TIM_PWM_Stop
 .text.HAL_TIM_IC_Start
                0x08001704       0x1a Drivers/STM32L0xx_HAL_Driver/Src/stm32l0xx_hal_tim.o
                0x08001704                HAL_TIM_IC_Start
 .text.HAL_TIM_PWM_Start
                0x0800171e        0x8 Drivers/STM32L0xx_HAL_Driver/Src/stm32l0xx_hal_tim.o
                0x0800171e                HAL_TIM_PWM_Start
 *fill*         0x08001726        0x2 
 .text.HAL_TIM_PWM_ConfigChannel
                0x08001728      0x130 Drivers/STM32L0xx_HAL_Driver/Src/stm32l0xx_hal_tim.o
                0x08001728                HAL_TIM_PWM_ConfigChannel
 .text.HAL_TIM_ConfigClockSource
                0x08001858      0x170 Drivers/STM32L0xx_HAL_Driver/Src/stm32l0xx_hal_tim.o
                0x08001858                HAL_TIM_ConfigClockSource
 .text.HAL_TIMEx_MasterConfigSynchronization
                0x080019c8       0x42 Drivers/STM32L0xx_HAL_Driver/Src/stm32l0xx_hal_tim_ex.o
                0x080019c8                HAL_TIMEx_MasterConfigSynchronization
 *fill*         0x08001a0a        0x2 
 .text.EEPROM_ByteWrite
                0x08001a0c       0x24 Src/eeprom.o
                0x08001a0c                EEPROM_ByteWrite
 .text.EEPROM_ByteRead
                0x08001a30       0x10 Src/eeprom.o
                0x08001a30                EEPROM_ByteRead
 .text.MX_GPIO_Init
                0x08001a40       0xe8 Src/gpio.o
                0x08001a40                MX_GPIO_Init
 .text.KT_Init  0x08001b28       0x1c Src/kt.o
                0x08001b28                KT_Init
 .text.KT_IncreaseTime
                0x08001b44       0x1c Src/kt.o
                0x08001b44                KT_IncreaseTime
 .text.KT_DecreaseTime
                0x08001b60       0x1c Src/kt.o
                0x08001b60                KT_DecreaseTime
 .text.KT_IdleTimeout
                0x08001b7c       0x14 Src/kt.o
                0x08001b7c                KT_IdleTimeout
 .text.KT_RTCEx_WakeUpTimerEventCallback
                0x08001b90       0x48 Src/kt.o
                0x08001b90                KT_RTCEx_WakeUpTimerEventCallback
 .text.KT_StateInit
                0x08001bd8       0x3c Src/kt.o
                0x08001bd8                KT_StateInit
 .text.KT_StateOff
                0x08001c14       0x24 Src/kt.o
                0x08001c14                KT_StateOff
 .text.KT_StateSetup
                0x08001c38       0x1c Src/kt.o
                0x08001c38                KT_StateSetup
 .text.KT_StateStopped
                0x08001c54       0x1c Src/kt.o
                0x08001c54                KT_StateStopped
 .text.KT_StateAlarmStart
                0x08001c70       0x64 Src/kt.o
                0x08001c70                KT_StateAlarmStart
 .text.KT_StateAlarmOnHigh
                0x08001cd4       0x58 Src/kt.o
                0x08001cd4                KT_StateAlarmOnHigh
 .text.KT_StateAlarmOnLow
                0x08001d2c       0x20 Src/kt.o
                0x08001d2c                KT_StateAlarmOnLow
 .text.KT_StateAlarmStop
                0x08001d4c       0x4c Src/kt.o
                0x08001d4c                KT_StateAlarmStop
 .text.KT_StateMachineRun
                0x08001d98       0x8c Src/kt.o
                0x08001d98                KT_StateMachineRun
 .text.MX_LCD_Init
                0x08001e24       0x5c Src/lcd.o
                0x08001e24                MX_LCD_Init
 .text.HAL_LCD_MspInit
                0x08001e80       0x60 Src/lcd.o
                0x08001e80                HAL_LCD_MspInit
 .text.startup.main
                0x08001ee0      0x158 Src/main.o
                0x08001ee0                main
 .text.HAL_GPIO_EXTI_Callback
                0x08002038       0x54 Src/main.o
                0x08002038                HAL_GPIO_EXTI_Callback
 .text.HAL_RTCEx_WakeUpTimerEventCallback
                0x0800208c        0x8 Src/main.o
                0x0800208c                HAL_RTCEx_WakeUpTimerEventCallback
 .text.Error_Handler
                0x08002094       0x10 Src/main.o
                0x08002094                Error_Handler
 .text.MX_RTC_Init
                0x080020a4       0x84 Src/rtc.o
                0x080020a4                MX_RTC_Init
 .text.HAL_RTC_MspInit
                0x08002128       0x30 Src/rtc.o
                0x08002128                HAL_RTC_MspInit
 .text.HAL_RTC_MspDeInit
                0x08002158       0x28 Src/rtc.o
                0x08002158                HAL_RTC_MspDeInit
 .text.Screen_Update
                0x08002180       0xfc Src/screen.o
                0x08002180                Screen_Update
 .text.Screen_Process
                0x0800227c       0x18 Src/screen.o
                0x0800227c                Screen_Process
 .text.Screen_BlinkStart
                0x08002294       0x14 Src/screen.o
                0x08002294                Screen_BlinkStart
 .text.Screen_BlinkStop
                0x080022a8       0x14 Src/screen.o
                0x080022a8                Screen_BlinkStop
 .text.HAL_MspInit
                0x080022bc       0x40 Src/stm32l0xx_hal_msp.o
                0x080022bc                HAL_MspInit
 .text.NMI_Handler
                0x080022fc        0x2 Src/stm32l0xx_it.o
                0x080022fc                NMI_Handler
 .text.HardFault_Handler
                0x080022fe        0x2 Src/stm32l0xx_it.o
                0x080022fe                HardFault_Handler
 .text.SVC_Handler
                0x08002300        0x2 Src/stm32l0xx_it.o
                0x08002300                SVC_Handler
 .text.PendSV_Handler
                0x08002302        0x2 Src/stm32l0xx_it.o
                0x08002302                PendSV_Handler
 .text.SysTick_Handler
                0x08002304        0xc Src/stm32l0xx_it.o
                0x08002304                SysTick_Handler
 .text.RTC_IRQHandler
                0x08002310       0x10 Src/stm32l0xx_it.o
                0x08002310                RTC_IRQHandler
 .text.EXTI4_15_IRQHandler
                0x08002320       0x16 Src/stm32l0xx_it.o
                0x08002320                EXTI4_15_IRQHandler
 *fill*         0x08002336        0x2 
 .text.SystemClock_Config
                0x08002338       0xa0 Src/system_clock_conf.o
                0x08002338                SystemClock_Config
 .text.SystemInit
                0x080023d8       0x5c Src/system_stm32l0xx.o
                0x080023d8                SystemInit
 .text.HAL_TIM_Base_MspInit
                0x08002434       0x1c Src/tim.o
                0x08002434                HAL_TIM_Base_MspInit
 .text.HAL_TIM_MspPostInit
                0x08002450       0x30 Src/tim.o
                0x08002450                HAL_TIM_MspPostInit
 .text.MX_TIM2_Init
                0x08002480       0x90 Src/tim.o
                0x08002480                MX_TIM2_Init
 .text.HAL_TIM_Base_MspDeInit
                0x08002510       0x1c Src/tim.o
                0x08002510                HAL_TIM_Base_MspDeInit
 .text.__libc_init_array
                0x0800252c       0x4c /home/peter/eclipse/plugins/fr.ac6.mcu.externaltools.arm-none.linux64_1.12.0.201611241417/tools/compiler/bin/../lib/gcc/arm-none-eabi/5.4.1/../../../../arm-none-eabi/lib/armv6-m/libc_nano.a(lib_a-init.o)
                0x0800252c                __libc_init_array
 *(.glue_7)
 .glue_7        0x08002578        0x0 linker stubs
 *(.glue_7t)
 .glue_7t       0x08002578        0x0 linker stubs
 *(.eh_frame)
 .eh_frame      0x08002578        0x0 /home/peter/eclipse/plugins/fr.ac6.mcu.externaltools.arm-none.linux64_1.12.0.201611241417/tools/compiler/bin/../lib/gcc/arm-none-eabi/5.4.1/armv6-m/crtbegin.o
 *(.init)
 .init          0x08002578        0x4 /home/peter/eclipse/plugins/fr.ac6.mcu.externaltools.arm-none.linux64_1.12.0.201611241417/tools/compiler/bin/../lib/gcc/arm-none-eabi/5.4.1/armv6-m/crti.o
                0x08002578                _init
 .init          0x0800257c        0x8 /home/peter/eclipse/plugins/fr.ac6.mcu.externaltools.arm-none.linux64_1.12.0.201611241417/tools/compiler/bin/../lib/gcc/arm-none-eabi/5.4.1/armv6-m/crtn.o
 *(.fini)
 .fini          0x08002584        0x4 /home/peter/eclipse/plugins/fr.ac6.mcu.externaltools.arm-none.linux64_1.12.0.201611241417/tools/compiler/bin/../lib/gcc/arm-none-eabi/5.4.1/armv6-m/crti.o
                0x08002584                _fini
 .fini          0x08002588        0x8 /home/peter/eclipse/plugins/fr.ac6.mcu.externaltools.arm-none.linux64_1.12.0.201611241417/tools/compiler/bin/../lib/gcc/arm-none-eabi/5.4.1/armv6-m/crtn.o
                0x08002590                . = ALIGN (0x4)
                0x08002590                _etext = .

.vfp11_veneer   0x08002590        0x0
 .vfp11_veneer  0x08002590        0x0 linker stubs

.v4_bx          0x08002590        0x0
 .v4_bx         0x08002590        0x0 linker stubs

.iplt           0x08002590        0x0
 .iplt          0x08002590        0x0 /home/peter/eclipse/plugins/fr.ac6.mcu.externaltools.arm-none.linux64_1.12.0.201611241417/tools/compiler/bin/../lib/gcc/arm-none-eabi/5.4.1/armv6-m/crtbegin.o

.rodata         0x08002590      0x2e4
                0x08002590                . = ALIGN (0x4)
 *(.rodata)
 .rodata        0x08002590      0x2c0 Src/screen.o
                0x08002590                lcd_digits
 .rodata        0x08002850       0x21 Src/system_stm32l0xx.o
                0x08002850                PLLMulTable
                0x08002859                AHBPrescTable
                0x08002869                APBPrescTable
 *(.rodata*)
                0x08002874                . = ALIGN (0x4)
 *fill*         0x08002871        0x3 

.rel.dyn        0x08002874        0x0
 .rel.iplt      0x08002874        0x0 /home/peter/eclipse/plugins/fr.ac6.mcu.externaltools.arm-none.linux64_1.12.0.201611241417/tools/compiler/bin/../lib/gcc/arm-none-eabi/5.4.1/armv6-m/crtbegin.o

.ARM.extab
 *(.ARM.extab* .gnu.linkonce.armextab.*)

.ARM            0x08002874        0x0
                0x08002874                __exidx_start = .
 *(.ARM.exidx*)
                0x08002874                __exidx_end = .

.preinit_array  0x08002874        0x0
                0x08002874                PROVIDE (__preinit_array_start, .)
 *(.preinit_array*)
                0x08002874                PROVIDE (__preinit_array_end, .)

.init_array     0x08002874        0x4
                0x08002874                PROVIDE (__init_array_start, .)
 *(SORT(.init_array.*))
 *(.init_array*)
 .init_array    0x08002874        0x4 /home/peter/eclipse/plugins/fr.ac6.mcu.externaltools.arm-none.linux64_1.12.0.201611241417/tools/compiler/bin/../lib/gcc/arm-none-eabi/5.4.1/armv6-m/crtbegin.o
                0x08002878                PROVIDE (__init_array_end, .)

.fini_array     0x08002878        0x4
                [!provide]                PROVIDE (__fini_array_start, .)
 *(SORT(.fini_array.*))
 *(.fini_array*)
 .fini_array    0x08002878        0x4 /home/peter/eclipse/plugins/fr.ac6.mcu.externaltools.arm-none.linux64_1.12.0.201611241417/tools/compiler/bin/../lib/gcc/arm-none-eabi/5.4.1/armv6-m/crtbegin.o
                [!provide]                PROVIDE (__fini_array_end, .)
                0x0800287c                _sidata = LOADADDR (.data)

.data           0x20000000        0x4 load address 0x0800287c
                0x20000000                . = ALIGN (0x4)
                0x20000000                _sdata = .
 *(.data)
 .data          0x20000000        0x4 Src/system_stm32l0xx.o
                0x20000000                SystemCoreClock
 *(.data*)
                0x20000004                . = ALIGN (0x4)
                0x20000004                _edata = .

.jcr            0x20000004        0x0 load address 0x08002880
 .jcr           0x20000004        0x0 /home/peter/eclipse/plugins/fr.ac6.mcu.externaltools.arm-none.linux64_1.12.0.201611241417/tools/compiler/bin/../lib/gcc/arm-none-eabi/5.4.1/armv6-m/crtbegin.o

.igot.plt       0x20000004        0x0 load address 0x08002880
 .igot.plt      0x20000004        0x0 /home/peter/eclipse/plugins/fr.ac6.mcu.externaltools.arm-none.linux64_1.12.0.201611241417/tools/compiler/bin/../lib/gcc/arm-none-eabi/5.4.1/armv6-m/crtbegin.o
                0x20000004                . = ALIGN (0x4)

.bss            0x20000004       0xec load address 0x08002880
                0x20000004                _sbss = .
                0x20000004                __bss_start__ = _sbss
 *(.bss)
 .bss           0x20000004       0x1c /home/peter/eclipse/plugins/fr.ac6.mcu.externaltools.arm-none.linux64_1.12.0.201611241417/tools/compiler/bin/../lib/gcc/arm-none-eabi/5.4.1/armv6-m/crtbegin.o
 .bss           0x20000020        0xc Src/main.o
                0x20000020                button_state
                0x20000024                alarm_duration_timer
                0x20000028                alarm_pulse_timer
 *(.bss*)
 *(COMMON)
 COMMON         0x2000002c        0x4 Drivers/STM32L0xx_HAL_Driver/Src/stm32l0xx_hal.o
                0x2000002c                uwTick
 COMMON         0x20000030       0x18 Drivers/STM32L0xx_HAL_Driver/Src/stm32l0xx_hal_flash.o
                0x20000030                ProcFlash
 COMMON         0x20000048       0x10 Src/kt.o
                0x20000048                kt
 COMMON         0x20000058       0x3c Src/lcd.o
                0x20000058                hlcd
 COMMON         0x20000094       0x24 Src/rtc.o
                0x20000094                hrtc
 COMMON         0x200000b8       0x38 Src/tim.o
                0x200000b8                htim2
                0x200000f0                . = ALIGN (0x4)
                0x200000f0                _ebss = .
                0x200000f0                __bss_end__ = _ebss

._user_heap_stack
                0x200000f0      0x600 load address 0x08002880
                0x200000f0                . = ALIGN (0x8)
                [!provide]                PROVIDE (end, .)
                [!provide]                PROVIDE (_end, .)
                0x200002f0                . = (. + _Min_Heap_Size)
 *fill*         0x200000f0      0x200 
                0x200006f0                . = (. + _Min_Stack_Size)
 *fill*         0x200002f0      0x400 
                0x200006f0                . = ALIGN (0x8)

/DISCARD/
 libc.a(*)
 libm.a(*)
 libgcc.a(*)

.ARM.attributes
                0x00000000       0x28
 *(.ARM.attributes)
 .ARM.attributes
                0x00000000       0x1e /home/peter/eclipse/plugins/fr.ac6.mcu.externaltools.arm-none.linux64_1.12.0.201611241417/tools/compiler/bin/../lib/gcc/arm-none-eabi/5.4.1/armv6-m/crti.o
 .ARM.attributes
                0x0000001e       0x2c /home/peter/eclipse/plugins/fr.ac6.mcu.externaltools.arm-none.linux64_1.12.0.201611241417/tools/compiler/bin/../lib/gcc/arm-none-eabi/5.4.1/armv6-m/crtbegin.o
 .ARM.attributes
                0x0000004a       0x22 Drivers/CMSIS/Device/ST/STM32L0xx/Source/Templates/gcc/startup_stm32l053xx.o
 .ARM.attributes
                0x0000006c       0x32 Drivers/STM32L0xx_HAL_Driver/Src/stm32l0xx_hal.o
 .ARM.attributes
                0x0000009e       0x32 Drivers/STM32L0xx_HAL_Driver/Src/stm32l0xx_hal_cortex.o
 .ARM.attributes
                0x000000d0       0x32 Drivers/STM32L0xx_HAL_Driver/Src/stm32l0xx_hal_flash.o
 .ARM.attributes
                0x00000102       0x32 Drivers/STM32L0xx_HAL_Driver/Src/stm32l0xx_hal_flash_ex.o
 .ARM.attributes
                0x00000134       0x32 Drivers/STM32L0xx_HAL_Driver/Src/stm32l0xx_hal_gpio.o
 .ARM.attributes
                0x00000166       0x32 Drivers/STM32L0xx_HAL_Driver/Src/stm32l0xx_hal_lcd.o
 .ARM.attributes
                0x00000198       0x32 Drivers/STM32L0xx_HAL_Driver/Src/stm32l0xx_hal_pwr.o
 .ARM.attributes
                0x000001ca       0x32 Drivers/STM32L0xx_HAL_Driver/Src/stm32l0xx_hal_pwr_ex.o
 .ARM.attributes
                0x000001fc       0x32 Drivers/STM32L0xx_HAL_Driver/Src/stm32l0xx_hal_rcc.o
 .ARM.attributes
                0x0000022e       0x32 Drivers/STM32L0xx_HAL_Driver/Src/stm32l0xx_hal_rcc_ex.o
 .ARM.attributes
                0x00000260       0x32 Drivers/STM32L0xx_HAL_Driver/Src/stm32l0xx_hal_rtc.o
 .ARM.attributes
                0x00000292       0x32 Drivers/STM32L0xx_HAL_Driver/Src/stm32l0xx_hal_rtc_ex.o
 .ARM.attributes
                0x000002c4       0x32 Drivers/STM32L0xx_HAL_Driver/Src/stm32l0xx_hal_tim.o
 .ARM.attributes
                0x000002f6       0x32 Drivers/STM32L0xx_HAL_Driver/Src/stm32l0xx_hal_tim_ex.o
 .ARM.attributes
                0x00000328       0x32 Src/eeprom.o
 .ARM.attributes
                0x0000035a       0x32 Src/gpio.o
 .ARM.attributes
                0x0000038c       0x32 Src/kt.o
 .ARM.attributes
                0x000003be       0x32 Src/lcd.o
 .ARM.attributes
                0x000003f0       0x32 Src/main.o
 .ARM.attributes
                0x00000422       0x32 Src/rtc.o
 .ARM.attributes
                0x00000454       0x32 Src/screen.o
 .ARM.attributes
                0x00000486       0x32 Src/stm32l0xx_hal_msp.o
 .ARM.attributes
                0x000004b8       0x32 Src/stm32l0xx_it.o
 .ARM.attributes
                0x000004ea       0x32 Src/system_clock_conf.o
 .ARM.attributes
                0x0000051c       0x32 Src/system_stm32l0xx.o
 .ARM.attributes
                0x0000054e       0x32 Src/tim.o
 .ARM.attributes
                0x00000580       0x1e /home/peter/eclipse/plugins/fr.ac6.mcu.externaltools.arm-none.linux64_1.12.0.201611241417/tools/compiler/bin/../lib/gcc/arm-none-eabi/5.4.1/armv6-m/libgcc.a(_thumb1_case_uqi.o)
 .ARM.attributes
                0x0000059e       0x1e /home/peter/eclipse/plugins/fr.ac6.mcu.externaltools.arm-none.linux64_1.12.0.201611241417/tools/compiler/bin/../lib/gcc/arm-none-eabi/5.4.1/armv6-m/libgcc.a(_udivsi3.o)
 .ARM.attributes
                0x000005bc       0x1e /home/peter/eclipse/plugins/fr.ac6.mcu.externaltools.arm-none.linux64_1.12.0.201611241417/tools/compiler/bin/../lib/gcc/arm-none-eabi/5.4.1/armv6-m/libgcc.a(_dvmd_tls.o)
 .ARM.attributes
                0x000005da       0x2c /home/peter/eclipse/plugins/fr.ac6.mcu.externaltools.arm-none.linux64_1.12.0.201611241417/tools/compiler/bin/../lib/gcc/arm-none-eabi/5.4.1/../../../../arm-none-eabi/lib/armv6-m/libc_nano.a(lib_a-init.o)
 .ARM.attributes
                0x00000606       0x1e /home/peter/eclipse/plugins/fr.ac6.mcu.externaltools.arm-none.linux64_1.12.0.201611241417/tools/compiler/bin/../lib/gcc/arm-none-eabi/5.4.1/armv6-m/crtn.o
OUTPUT(kitchen_timer_stm32.elf elf32-littlearm)

.debug_line     0x00000000    0x10d1d
 .debug_line    0x00000000       0xb2 Drivers/CMSIS/Device/ST/STM32L0xx/Source/Templates/gcc/startup_stm32l053xx.o
 .debug_line    0x000000b2      0xa51 Drivers/STM32L0xx_HAL_Driver/Src/stm32l0xx_hal.o
 .debug_line    0x00000b03      0xa0e Drivers/STM32L0xx_HAL_Driver/Src/stm32l0xx_hal_cortex.o
 .debug_line    0x00001511      0xa51 Drivers/STM32L0xx_HAL_Driver/Src/stm32l0xx_hal_flash.o
 .debug_line    0x00001f62      0xb4d Drivers/STM32L0xx_HAL_Driver/Src/stm32l0xx_hal_flash_ex.o
 .debug_line    0x00002aaf      0xa02 Drivers/STM32L0xx_HAL_Driver/Src/stm32l0xx_hal_gpio.o
 .debug_line    0x000034b1      0xa1f Drivers/STM32L0xx_HAL_Driver/Src/stm32l0xx_hal_lcd.o
 .debug_line    0x00003ed0      0x9f4 Drivers/STM32L0xx_HAL_Driver/Src/stm32l0xx_hal_pwr.o
 .debug_line    0x000048c4      0x8ef Drivers/STM32L0xx_HAL_Driver/Src/stm32l0xx_hal_pwr_ex.o
 .debug_line    0x000051b3      0xb8e Drivers/STM32L0xx_HAL_Driver/Src/stm32l0xx_hal_rcc.o
 .debug_line    0x00005d41      0xb50 Drivers/STM32L0xx_HAL_Driver/Src/stm32l0xx_hal_rcc_ex.o
 .debug_line    0x00006891      0xc39 Drivers/STM32L0xx_HAL_Driver/Src/stm32l0xx_hal_rtc.o
 .debug_line    0x000074ca      0xfd0 Drivers/STM32L0xx_HAL_Driver/Src/stm32l0xx_hal_rtc_ex.o
 .debug_line    0x0000849a     0x1633 Drivers/STM32L0xx_HAL_Driver/Src/stm32l0xx_hal_tim.o
 .debug_line    0x00009acd      0x8df Drivers/STM32L0xx_HAL_Driver/Src/stm32l0xx_hal_tim_ex.o
 .debug_line    0x0000a3ac      0x86a Src/eeprom.o
 .debug_line    0x0000ac16      0x89f Src/gpio.o
 .debug_line    0x0000b4b5      0xa00 Src/kt.o
 .debug_line    0x0000beb5      0x8d1 Src/lcd.o
 .debug_line    0x0000c786      0x93b Src/main.o
 .debug_line    0x0000d0c1      0x8a2 Src/rtc.o
 .debug_line    0x0000d963      0x8e2 Src/screen.o
 .debug_line    0x0000e245      0x85b Src/stm32l0xx_hal_msp.o
 .debug_line    0x0000eaa0      0x8a8 Src/stm32l0xx_it.o
 .debug_line    0x0000f348      0x894 Src/system_clock_conf.o
 .debug_line    0x0000fbdc      0x889 Src/system_stm32l0xx.o
 .debug_line    0x00010465      0x8b8 Src/tim.o

.debug_info     0x00000000     0xe57f
 .debug_info    0x00000000       0xbd Drivers/CMSIS/Device/ST/STM32L0xx/Source/Templates/gcc/startup_stm32l053xx.o
 .debug_info    0x000000bd      0x73a Drivers/STM32L0xx_HAL_Driver/Src/stm32l0xx_hal.o
 .debug_info    0x000007f7      0x8d7 Drivers/STM32L0xx_HAL_Driver/Src/stm32l0xx_hal_cortex.o
 .debug_info    0x000010ce      0x55d Drivers/STM32L0xx_HAL_Driver/Src/stm32l0xx_hal_flash.o
 .debug_info    0x0000162b      0xba9 Drivers/STM32L0xx_HAL_Driver/Src/stm32l0xx_hal_flash_ex.o
 .debug_info    0x000021d4      0x64d Drivers/STM32L0xx_HAL_Driver/Src/stm32l0xx_hal_gpio.o
 .debug_info    0x00002821      0x5cc Drivers/STM32L0xx_HAL_Driver/Src/stm32l0xx_hal_lcd.o
 .debug_info    0x00002ded      0x5ee Drivers/STM32L0xx_HAL_Driver/Src/stm32l0xx_hal_pwr.o
 .debug_info    0x000033db      0x1a1 Drivers/STM32L0xx_HAL_Driver/Src/stm32l0xx_hal_pwr_ex.o
 .debug_info    0x0000357c      0xaf8 Drivers/STM32L0xx_HAL_Driver/Src/stm32l0xx_hal_rcc.o
 .debug_info    0x00004074      0x778 Drivers/STM32L0xx_HAL_Driver/Src/stm32l0xx_hal_rcc_ex.o
 .debug_info    0x000047ec      0xd08 Drivers/STM32L0xx_HAL_Driver/Src/stm32l0xx_hal_rtc.o
 .debug_info    0x000054f4      0xe8b Drivers/STM32L0xx_HAL_Driver/Src/stm32l0xx_hal_rtc_ex.o
 .debug_info    0x0000637f     0x2cd3 Drivers/STM32L0xx_HAL_Driver/Src/stm32l0xx_hal_tim.o
 .debug_info    0x00009052      0x591 Drivers/STM32L0xx_HAL_Driver/Src/stm32l0xx_hal_tim_ex.o
 .debug_info    0x000095e3      0x1b9 Src/eeprom.o
 .debug_info    0x0000979c      0x567 Src/gpio.o
 .debug_info    0x00009d03     0x10bb Src/kt.o
 .debug_info    0x0000adbe      0x63b Src/lcd.o
 .debug_info    0x0000b3f9      0xb37 Src/main.o
 .debug_info    0x0000bf30      0x7b0 Src/rtc.o
 .debug_info    0x0000c6e0      0x51e Src/screen.o
 .debug_info    0x0000cbfe      0x30b Src/stm32l0xx_hal_msp.o
 .debug_info    0x0000cf09      0x415 Src/stm32l0xx_it.o
 .debug_info    0x0000d31e      0x4d5 Src/system_clock_conf.o
 .debug_info    0x0000d7f3      0x37b Src/system_stm32l0xx.o
 .debug_info    0x0000db6e      0xa11 Src/tim.o

.debug_abbrev   0x00000000     0x2d8b
 .debug_abbrev  0x00000000       0x12 Drivers/CMSIS/Device/ST/STM32L0xx/Source/Templates/gcc/startup_stm32l053xx.o
 .debug_abbrev  0x00000012      0x21b Drivers/STM32L0xx_HAL_Driver/Src/stm32l0xx_hal.o
 .debug_abbrev  0x0000022d      0x292 Drivers/STM32L0xx_HAL_Driver/Src/stm32l0xx_hal_cortex.o
 .debug_abbrev  0x000004bf      0x25f Drivers/STM32L0xx_HAL_Driver/Src/stm32l0xx_hal_flash.o
 .debug_abbrev  0x0000071e      0x29b Drivers/STM32L0xx_HAL_Driver/Src/stm32l0xx_hal_flash_ex.o
 .debug_abbrev  0x000009b9      0x1bc Drivers/STM32L0xx_HAL_Driver/Src/stm32l0xx_hal_gpio.o
 .debug_abbrev  0x00000b75      0x1c9 Drivers/STM32L0xx_HAL_Driver/Src/stm32l0xx_hal_lcd.o
 .debug_abbrev  0x00000d3e      0x190 Drivers/STM32L0xx_HAL_Driver/Src/stm32l0xx_hal_pwr.o
 .debug_abbrev  0x00000ece       0xdf Drivers/STM32L0xx_HAL_Driver/Src/stm32l0xx_hal_pwr_ex.o
 .debug_abbrev  0x00000fad      0x292 Drivers/STM32L0xx_HAL_Driver/Src/stm32l0xx_hal_rcc.o
 .debug_abbrev  0x0000123f      0x1e5 Drivers/STM32L0xx_HAL_Driver/Src/stm32l0xx_hal_rcc_ex.o
 .debug_abbrev  0x00001424      0x1dc Drivers/STM32L0xx_HAL_Driver/Src/stm32l0xx_hal_rtc.o
 .debug_abbrev  0x00001600      0x1ed Drivers/STM32L0xx_HAL_Driver/Src/stm32l0xx_hal_rtc_ex.o
 .debug_abbrev  0x000017ed      0x304 Drivers/STM32L0xx_HAL_Driver/Src/stm32l0xx_hal_tim.o
 .debug_abbrev  0x00001af1      0x17e Drivers/STM32L0xx_HAL_Driver/Src/stm32l0xx_hal_tim_ex.o
 .debug_abbrev  0x00001c6f       0xd0 Src/eeprom.o
 .debug_abbrev  0x00001d3f      0x13e Src/gpio.o
 .debug_abbrev  0x00001e7d      0x27a Src/kt.o
 .debug_abbrev  0x000020f7      0x171 Src/lcd.o
 .debug_abbrev  0x00002268      0x1c2 Src/main.o
 .debug_abbrev  0x0000242a      0x159 Src/rtc.o
 .debug_abbrev  0x00002583      0x198 Src/screen.o
 .debug_abbrev  0x0000271b       0xe9 Src/stm32l0xx_hal_msp.o
 .debug_abbrev  0x00002804      0x15d Src/stm32l0xx_it.o
 .debug_abbrev  0x00002961      0x130 Src/system_clock_conf.o
 .debug_abbrev  0x00002a91       0xf3 Src/system_stm32l0xx.o
 .debug_abbrev  0x00002b84      0x207 Src/tim.o

.debug_aranges  0x00000000      0xbc0
 .debug_aranges
                0x00000000       0x28 Drivers/CMSIS/Device/ST/STM32L0xx/Source/Templates/gcc/startup_stm32l053xx.o
 .debug_aranges
                0x00000028       0xd8 Drivers/STM32L0xx_HAL_Driver/Src/stm32l0xx_hal.o
 .debug_aranges
                0x00000100       0x80 Drivers/STM32L0xx_HAL_Driver/Src/stm32l0xx_hal_cortex.o
 .debug_aranges
                0x00000180       0x80 Drivers/STM32L0xx_HAL_Driver/Src/stm32l0xx_hal_flash.o
 .debug_aranges
                0x00000200       0x98 Drivers/STM32L0xx_HAL_Driver/Src/stm32l0xx_hal_flash_ex.o
 .debug_aranges
                0x00000298       0x58 Drivers/STM32L0xx_HAL_Driver/Src/stm32l0xx_hal_gpio.o
 .debug_aranges
                0x000002f0       0x60 Drivers/STM32L0xx_HAL_Driver/Src/stm32l0xx_hal_lcd.o
 .debug_aranges
                0x00000350       0xa0 Drivers/STM32L0xx_HAL_Driver/Src/stm32l0xx_hal_pwr.o
 .debug_aranges
                0x000003f0       0x48 Drivers/STM32L0xx_HAL_Driver/Src/stm32l0xx_hal_pwr_ex.o
 .debug_aranges
                0x00000438       0x80 Drivers/STM32L0xx_HAL_Driver/Src/stm32l0xx_hal_rcc.o
 .debug_aranges
                0x000004b8       0x88 Drivers/STM32L0xx_HAL_Driver/Src/stm32l0xx_hal_rcc_ex.o
 .debug_aranges
                0x00000540       0xa8 Drivers/STM32L0xx_HAL_Driver/Src/stm32l0xx_hal_rtc.o
 .debug_aranges
                0x000005e8      0x100 Drivers/STM32L0xx_HAL_Driver/Src/stm32l0xx_hal_rtc_ex.o
 .debug_aranges
                0x000006e8      0x218 Drivers/STM32L0xx_HAL_Driver/Src/stm32l0xx_hal_tim.o
 .debug_aranges
                0x00000900       0x28 Drivers/STM32L0xx_HAL_Driver/Src/stm32l0xx_hal_tim_ex.o
 .debug_aranges
                0x00000928       0x28 Src/eeprom.o
 .debug_aranges
                0x00000950       0x20 Src/gpio.o
 .debug_aranges
                0x00000970       0x98 Src/kt.o
 .debug_aranges
                0x00000a08       0x30 Src/lcd.o
 .debug_aranges
                0x00000a38       0x38 Src/main.o
 .debug_aranges
                0x00000a70       0x30 Src/rtc.o
 .debug_aranges
                0x00000aa0       0x40 Src/screen.o
 .debug_aranges
                0x00000ae0       0x20 Src/stm32l0xx_hal_msp.o
 .debug_aranges
                0x00000b00       0x40 Src/stm32l0xx_it.o
 .debug_aranges
                0x00000b40       0x20 Src/system_clock_conf.o
 .debug_aranges
                0x00000b60       0x28 Src/system_stm32l0xx.o
 .debug_aranges
                0x00000b88       0x38 Src/tim.o

.debug_ranges   0x00000000      0xf30
 .debug_ranges  0x00000000       0x20 Drivers/CMSIS/Device/ST/STM32L0xx/Source/Templates/gcc/startup_stm32l053xx.o
 .debug_ranges  0x00000020       0xc8 Drivers/STM32L0xx_HAL_Driver/Src/stm32l0xx_hal.o
 .debug_ranges  0x000000e8       0xf0 Drivers/STM32L0xx_HAL_Driver/Src/stm32l0xx_hal_cortex.o
 .debug_ranges  0x000001d8       0x70 Drivers/STM32L0xx_HAL_Driver/Src/stm32l0xx_hal_flash.o
 .debug_ranges  0x00000248      0x100 Drivers/STM32L0xx_HAL_Driver/Src/stm32l0xx_hal_flash_ex.o
 .debug_ranges  0x00000348       0x48 Drivers/STM32L0xx_HAL_Driver/Src/stm32l0xx_hal_gpio.o
 .debug_ranges  0x00000390       0x50 Drivers/STM32L0xx_HAL_Driver/Src/stm32l0xx_hal_lcd.o
 .debug_ranges  0x000003e0       0x90 Drivers/STM32L0xx_HAL_Driver/Src/stm32l0xx_hal_pwr.o
 .debug_ranges  0x00000470       0x38 Drivers/STM32L0xx_HAL_Driver/Src/stm32l0xx_hal_pwr_ex.o
 .debug_ranges  0x000004a8       0xb8 Drivers/STM32L0xx_HAL_Driver/Src/stm32l0xx_hal_rcc.o
 .debug_ranges  0x00000560       0x78 Drivers/STM32L0xx_HAL_Driver/Src/stm32l0xx_hal_rcc_ex.o
 .debug_ranges  0x000005d8       0x98 Drivers/STM32L0xx_HAL_Driver/Src/stm32l0xx_hal_rtc.o
 .debug_ranges  0x00000670       0xf0 Drivers/STM32L0xx_HAL_Driver/Src/stm32l0xx_hal_rtc_ex.o
 .debug_ranges  0x00000760      0x540 Drivers/STM32L0xx_HAL_Driver/Src/stm32l0xx_hal_tim.o
 .debug_ranges  0x00000ca0       0x18 Drivers/STM32L0xx_HAL_Driver/Src/stm32l0xx_hal_tim_ex.o
 .debug_ranges  0x00000cb8       0x18 Src/eeprom.o
 .debug_ranges  0x00000cd0       0xb0 Src/gpio.o
 .debug_ranges  0x00000d80       0x88 Src/kt.o
 .debug_ranges  0x00000e08       0x20 Src/lcd.o
 .debug_ranges  0x00000e28       0x28 Src/main.o
 .debug_ranges  0x00000e50       0x20 Src/rtc.o
 .debug_ranges  0x00000e70       0x30 Src/screen.o
 .debug_ranges  0x00000ea0       0x10 Src/stm32l0xx_hal_msp.o
 .debug_ranges  0x00000eb0       0x30 Src/stm32l0xx_it.o
 .debug_ranges  0x00000ee0       0x10 Src/system_clock_conf.o
 .debug_ranges  0x00000ef0       0x18 Src/system_stm32l0xx.o
 .debug_ranges  0x00000f08       0x28 Src/tim.o

.debug_loc      0x00000000     0x766e
 .debug_loc     0x00000000       0xac Drivers/STM32L0xx_HAL_Driver/Src/stm32l0xx_hal.o
 .debug_loc     0x000000ac      0x3da Drivers/STM32L0xx_HAL_Driver/Src/stm32l0xx_hal_cortex.o
 .debug_loc     0x00000486      0x220 Drivers/STM32L0xx_HAL_Driver/Src/stm32l0xx_hal_flash.o
 .debug_loc     0x000006a6      0x89e Drivers/STM32L0xx_HAL_Driver/Src/stm32l0xx_hal_flash_ex.o
 .debug_loc     0x00000f44      0x2cc Drivers/STM32L0xx_HAL_Driver/Src/stm32l0xx_hal_gpio.o
 .debug_loc     0x00001210      0x32f Drivers/STM32L0xx_HAL_Driver/Src/stm32l0xx_hal_lcd.o
 .debug_loc     0x0000153f      0x12f Drivers/STM32L0xx_HAL_Driver/Src/stm32l0xx_hal_pwr.o
 .debug_loc     0x0000166e       0x1f Drivers/STM32L0xx_HAL_Driver/Src/stm32l0xx_hal_pwr_ex.o
 .debug_loc     0x0000168d      0x4bc Drivers/STM32L0xx_HAL_Driver/Src/stm32l0xx_hal_rcc.o
 .debug_loc     0x00001b49      0x540 Drivers/STM32L0xx_HAL_Driver/Src/stm32l0xx_hal_rcc_ex.o
 .debug_loc     0x00002089      0xab7 Drivers/STM32L0xx_HAL_Driver/Src/stm32l0xx_hal_rtc.o
 .debug_loc     0x00002b40      0xd82 Drivers/STM32L0xx_HAL_Driver/Src/stm32l0xx_hal_rtc_ex.o
 .debug_loc     0x000038c2     0x3715 Drivers/STM32L0xx_HAL_Driver/Src/stm32l0xx_hal_tim.o
 .debug_loc     0x00006fd7       0x7e Drivers/STM32L0xx_HAL_Driver/Src/stm32l0xx_hal_tim_ex.o
 .debug_loc     0x00007055       0xf9 Src/eeprom.o
 .debug_loc     0x0000714e      0x1bf Src/kt.o
 .debug_loc     0x0000730d       0x42 Src/lcd.o
 .debug_loc     0x0000734f       0x42 Src/main.o
 .debug_loc     0x00007391       0x42 Src/rtc.o
 .debug_loc     0x000073d3      0x136 Src/screen.o
 .debug_loc     0x00007509      0x123 Src/system_stm32l0xx.o
 .debug_loc     0x0000762c       0x42 Src/tim.o

.debug_macro    0x00000000    0x1757e
 .debug_macro   0x00000000      0x335 Drivers/STM32L0xx_HAL_Driver/Src/stm32l0xx_hal.o
 .debug_macro   0x00000335      0x838 Drivers/STM32L0xx_HAL_Driver/Src/stm32l0xx_hal.o
 .debug_macro   0x00000b6d       0x28 Drivers/STM32L0xx_HAL_Driver/Src/stm32l0xx_hal.o
 .debug_macro   0x00000b95       0x9a Drivers/STM32L0xx_HAL_Driver/Src/stm32l0xx_hal.o
 .debug_macro   0x00000c2f       0x2e Drivers/STM32L0xx_HAL_Driver/Src/stm32l0xx_hal.o
 .debug_macro   0x00000c5d       0x28 Drivers/STM32L0xx_HAL_Driver/Src/stm32l0xx_hal.o
 .debug_macro   0x00000c85       0x22 Drivers/STM32L0xx_HAL_Driver/Src/stm32l0xx_hal.o
 .debug_macro   0x00000ca7       0x87 Drivers/STM32L0xx_HAL_Driver/Src/stm32l0xx_hal.o
 .debug_macro   0x00000d2e       0x44 Drivers/STM32L0xx_HAL_Driver/Src/stm32l0xx_hal.o
 .debug_macro   0x00000d72       0xfd Drivers/STM32L0xx_HAL_Driver/Src/stm32l0xx_hal.o
 .debug_macro   0x00000e6f       0x5e Drivers/STM32L0xx_HAL_Driver/Src/stm32l0xx_hal.o
 .debug_macro   0x00000ecd      0x1df Drivers/STM32L0xx_HAL_Driver/Src/stm32l0xx_hal.o
 .debug_macro   0x000010ac       0x34 Drivers/STM32L0xx_HAL_Driver/Src/stm32l0xx_hal.o
 .debug_macro   0x000010e0       0x26 Drivers/STM32L0xx_HAL_Driver/Src/stm32l0xx_hal.o
 .debug_macro   0x00001106      0x44f Drivers/STM32L0xx_HAL_Driver/Src/stm32l0xx_hal.o
 .debug_macro   0x00001555     0x9cc0 Drivers/STM32L0xx_HAL_Driver/Src/stm32l0xx_hal.o
 .debug_macro   0x0000b215       0x3c Drivers/STM32L0xx_HAL_Driver/Src/stm32l0xx_hal.o
 .debug_macro   0x0000b251     0x3440 Drivers/STM32L0xx_HAL_Driver/Src/stm32l0xx_hal.o
 .debug_macro   0x0000e691       0x52 Drivers/STM32L0xx_HAL_Driver/Src/stm32l0xx_hal.o
 .debug_macro   0x0000e6e3       0x35 Drivers/STM32L0xx_HAL_Driver/Src/stm32l0xx_hal.o
 .debug_macro   0x0000e718       0x9c Drivers/STM32L0xx_HAL_Driver/Src/stm32l0xx_hal.o
 .debug_macro   0x0000e7b4       0x16 Drivers/STM32L0xx_HAL_Driver/Src/stm32l0xx_hal.o
 .debug_macro   0x0000e7ca       0x97 Drivers/STM32L0xx_HAL_Driver/Src/stm32l0xx_hal.o
 .debug_macro   0x0000e861      0x30d Drivers/STM32L0xx_HAL_Driver/Src/stm32l0xx_hal.o
 .debug_macro   0x0000eb6e       0xfd Drivers/STM32L0xx_HAL_Driver/Src/stm32l0xx_hal.o
 .debug_macro   0x0000ec6b       0x10 Drivers/STM32L0xx_HAL_Driver/Src/stm32l0xx_hal.o
 .debug_macro   0x0000ec7b       0x52 Drivers/STM32L0xx_HAL_Driver/Src/stm32l0xx_hal.o
 .debug_macro   0x0000eccd       0x1f Drivers/STM32L0xx_HAL_Driver/Src/stm32l0xx_hal.o
 .debug_macro   0x0000ecec       0x43 Drivers/STM32L0xx_HAL_Driver/Src/stm32l0xx_hal.o
 .debug_macro   0x0000ed2f       0x20 Drivers/STM32L0xx_HAL_Driver/Src/stm32l0xx_hal.o
 .debug_macro   0x0000ed4f      0x187 Drivers/STM32L0xx_HAL_Driver/Src/stm32l0xx_hal.o
 .debug_macro   0x0000eed6       0x10 Drivers/STM32L0xx_HAL_Driver/Src/stm32l0xx_hal.o
 .debug_macro   0x0000eee6       0x1c Drivers/STM32L0xx_HAL_Driver/Src/stm32l0xx_hal.o
 .debug_macro   0x0000ef02       0x52 Drivers/STM32L0xx_HAL_Driver/Src/stm32l0xx_hal.o
 .debug_macro   0x0000ef54       0x40 Drivers/STM32L0xx_HAL_Driver/Src/stm32l0xx_hal.o
 .debug_macro   0x0000ef94       0x10 Drivers/STM32L0xx_HAL_Driver/Src/stm32l0xx_hal.o
 .debug_macro   0x0000efa4       0x40 Drivers/STM32L0xx_HAL_Driver/Src/stm32l0xx_hal.o
 .debug_macro   0x0000efe4       0xd7 Drivers/STM32L0xx_HAL_Driver/Src/stm32l0xx_hal.o
 .debug_macro   0x0000f0bb       0x16 Drivers/STM32L0xx_HAL_Driver/Src/stm32l0xx_hal.o
 .debug_macro   0x0000f0d1      0x189 Drivers/STM32L0xx_HAL_Driver/Src/stm32l0xx_hal.o
 .debug_macro   0x0000f25a       0x50 Drivers/STM32L0xx_HAL_Driver/Src/stm32l0xx_hal.o
 .debug_macro   0x0000f2aa      0x7eb Drivers/STM32L0xx_HAL_Driver/Src/stm32l0xx_hal.o
 .debug_macro   0x0000fa95      0x7b9 Drivers/STM32L0xx_HAL_Driver/Src/stm32l0xx_hal.o
 .debug_macro   0x0001024e      0x14d Drivers/STM32L0xx_HAL_Driver/Src/stm32l0xx_hal.o
 .debug_macro   0x0001039b      0x184 Drivers/STM32L0xx_HAL_Driver/Src/stm32l0xx_hal.o
 .debug_macro   0x0001051f      0x272 Drivers/STM32L0xx_HAL_Driver/Src/stm32l0xx_hal.o
 .debug_macro   0x00010791      0x1ef Drivers/STM32L0xx_HAL_Driver/Src/stm32l0xx_hal.o
 .debug_macro   0x00010980      0x120 Drivers/STM32L0xx_HAL_Driver/Src/stm32l0xx_hal.o
 .debug_macro   0x00010aa0      0x2bf Drivers/STM32L0xx_HAL_Driver/Src/stm32l0xx_hal.o
 .debug_macro   0x00010d5f       0x12 Drivers/STM32L0xx_HAL_Driver/Src/stm32l0xx_hal.o
 .debug_macro   0x00010d71      0x1d0 Drivers/STM32L0xx_HAL_Driver/Src/stm32l0xx_hal.o
 .debug_macro   0x00010f41       0x4d Drivers/STM32L0xx_HAL_Driver/Src/stm32l0xx_hal.o
 .debug_macro   0x00010f8e       0x66 Drivers/STM32L0xx_HAL_Driver/Src/stm32l0xx_hal.o
 .debug_macro   0x00010ff4      0x3fa Drivers/STM32L0xx_HAL_Driver/Src/stm32l0xx_hal.o
 .debug_macro   0x000113ee      0x189 Drivers/STM32L0xx_HAL_Driver/Src/stm32l0xx_hal.o
 .debug_macro   0x00011577       0x16 Drivers/STM32L0xx_HAL_Driver/Src/stm32l0xx_hal.o
 .debug_macro   0x0001158d      0x30c Drivers/STM32L0xx_HAL_Driver/Src/stm32l0xx_hal.o
 .debug_macro   0x00011899      0x3f1 Drivers/STM32L0xx_HAL_Driver/Src/stm32l0xx_hal.o
 .debug_macro   0x00011c8a       0xdd Drivers/STM32L0xx_HAL_Driver/Src/stm32l0xx_hal.o
 .debug_macro   0x00011d67      0x703 Drivers/STM32L0xx_HAL_Driver/Src/stm32l0xx_hal.o
 .debug_macro   0x0001246a      0x120 Drivers/STM32L0xx_HAL_Driver/Src/stm32l0xx_hal.o
 .debug_macro   0x0001258a      0x165 Drivers/STM32L0xx_HAL_Driver/Src/stm32l0xx_hal.o
 .debug_macro   0x000126ef      0x311 Drivers/STM32L0xx_HAL_Driver/Src/stm32l0xx_hal_cortex.o
 .debug_macro   0x00012a00      0x312 Drivers/STM32L0xx_HAL_Driver/Src/stm32l0xx_hal_flash.o
 .debug_macro   0x00012d12      0x311 Drivers/STM32L0xx_HAL_Driver/Src/stm32l0xx_hal_flash_ex.o
 .debug_macro   0x00013023      0x34a Drivers/STM32L0xx_HAL_Driver/Src/stm32l0xx_hal_gpio.o
 .debug_macro   0x0001336d      0x317 Drivers/STM32L0xx_HAL_Driver/Src/stm32l0xx_hal_lcd.o
 .debug_macro   0x00013684      0x329 Drivers/STM32L0xx_HAL_Driver/Src/stm32l0xx_hal_pwr.o
 .debug_macro   0x000139ad      0x317 Drivers/STM32L0xx_HAL_Driver/Src/stm32l0xx_hal_pwr_ex.o
 .debug_macro   0x00013cc4      0x35f Drivers/STM32L0xx_HAL_Driver/Src/stm32l0xx_hal_rcc.o
 .debug_macro   0x00014023      0x323 Drivers/STM32L0xx_HAL_Driver/Src/stm32l0xx_hal_rcc_ex.o
 .debug_macro   0x00014346      0x311 Drivers/STM32L0xx_HAL_Driver/Src/stm32l0xx_hal_rtc.o
 .debug_macro   0x00014657      0x311 Drivers/STM32L0xx_HAL_Driver/Src/stm32l0xx_hal_rtc_ex.o
 .debug_macro   0x00014968      0x312 Drivers/STM32L0xx_HAL_Driver/Src/stm32l0xx_hal_tim.o
 .debug_macro   0x00014c7a      0x311 Drivers/STM32L0xx_HAL_Driver/Src/stm32l0xx_hal_tim_ex.o
 .debug_macro   0x00014f8b      0x31b Src/eeprom.o
 .debug_macro   0x000152a6      0x31b Src/gpio.o
 .debug_macro   0x000155c1      0x338 Src/kt.o
 .debug_macro   0x000158f9       0x34 Src/kt.o
 .debug_macro   0x0001592d      0x325 Src/lcd.o
 .debug_macro   0x00015c52      0x36e Src/main.o
 .debug_macro   0x00015fc0      0x31b Src/rtc.o
 .debug_macro   0x000162db      0x32a Src/screen.o
 .debug_macro   0x00016605      0x311 Src/stm32l0xx_hal_msp.o
 .debug_macro   0x00016916      0x31b Src/stm32l0xx_it.o
 .debug_macro   0x00016c31      0x31b Src/system_clock_conf.o
 .debug_macro   0x00016f4c      0x317 Src/system_stm32l0xx.o
 .debug_macro   0x00017263      0x31b Src/tim.o

.debug_str      0x00000000    0x7c69f
 .debug_str     0x00000000    0x78e8b Drivers/STM32L0xx_HAL_Driver/Src/stm32l0xx_hal.o
                              0x79293 (size before relaxing)
 .debug_str     0x00078e8b      0x2ab Drivers/STM32L0xx_HAL_Driver/Src/stm32l0xx_hal_cortex.o
                              0x790b1 (size before relaxing)
 .debug_str     0x00079136      0x235 Drivers/STM32L0xx_HAL_Driver/Src/stm32l0xx_hal_flash.o
                              0x78e4a (size before relaxing)
 .debug_str     0x0007936b      0x3ab Drivers/STM32L0xx_HAL_Driver/Src/stm32l0xx_hal_flash_ex.o
                              0x7913c (size before relaxing)
 .debug_str     0x00079716      0x2b6 Drivers/STM32L0xx_HAL_Driver/Src/stm32l0xx_hal_gpio.o
                              0x78f44 (size before relaxing)
 .debug_str     0x000799cc      0x231 Drivers/STM32L0xx_HAL_Driver/Src/stm32l0xx_hal_lcd.o
                              0x78e4f (size before relaxing)
 .debug_str     0x00079bfd      0x2ac Drivers/STM32L0xx_HAL_Driver/Src/stm32l0xx_hal_pwr.o
                              0x78f1c (size before relaxing)
 .debug_str     0x00079ea9      0x11e Drivers/STM32L0xx_HAL_Driver/Src/stm32l0xx_hal_pwr_ex.o
                              0x78cce (size before relaxing)
 .debug_str     0x00079fc7      0x4c0 Drivers/STM32L0xx_HAL_Driver/Src/stm32l0xx_hal_rcc.o
                              0x7924c (size before relaxing)
 .debug_str     0x0007a487      0x3cc Drivers/STM32L0xx_HAL_Driver/Src/stm32l0xx_hal_rcc_ex.o
                              0x79105 (size before relaxing)
 .debug_str     0x0007a853      0x417 Drivers/STM32L0xx_HAL_Driver/Src/stm32l0xx_hal_rtc.o
                              0x79078 (size before relaxing)
 .debug_str     0x0007ac6a      0x49a Drivers/STM32L0xx_HAL_Driver/Src/stm32l0xx_hal_rtc_ex.o
                              0x7933d (size before relaxing)
 .debug_str     0x0007b104      0xcb8 Drivers/STM32L0xx_HAL_Driver/Src/stm32l0xx_hal_tim.o
                              0x799ac (size before relaxing)
 .debug_str     0x0007bdbc       0xc1 Drivers/STM32L0xx_HAL_Driver/Src/stm32l0xx_hal_tim_ex.o
                              0x78fef (size before relaxing)
 .debug_str     0x0007be7d       0x4a Src/eeprom.o
                              0x78c4a (size before relaxing)
 .debug_str     0x0007bec7       0x25 Src/gpio.o
                              0x78e96 (size before relaxing)
 .debug_str     0x0007beec      0x4f3 Src/kt.o
                              0x7979a (size before relaxing)
 .debug_str     0x0007c3df       0x4c Src/lcd.o
                              0x78ec6 (size before relaxing)
 .debug_str     0x0007c42b       0x9a Src/main.o
                              0x794bf (size before relaxing)
 .debug_str     0x0007c4c5       0x17 Src/rtc.o
                              0x790ed (size before relaxing)
 .debug_str     0x0007c4dc       0x70 Src/screen.o
                              0x7905b (size before relaxing)
 .debug_str     0x0007c54c       0x27 Src/stm32l0xx_hal_msp.o
                              0x78dc1 (size before relaxing)
 .debug_str     0x0007c573       0x7c Src/stm32l0xx_it.o
                              0x78df4 (size before relaxing)
 .debug_str     0x0007c5ef       0x1b Src/system_clock_conf.o
                              0x7904a (size before relaxing)
 .debug_str     0x0007c60a       0x51 Src/system_stm32l0xx.o
                              0x78cd9 (size before relaxing)
 .debug_str     0x0007c65b       0x44 Src/tim.o
                              0x7923b (size before relaxing)

.comment        0x00000000       0x6e
 .comment       0x00000000       0x6e Drivers/STM32L0xx_HAL_Driver/Src/stm32l0xx_hal.o
                                 0x6f (size before relaxing)
 .comment       0x0000006e       0x6f Drivers/STM32L0xx_HAL_Driver/Src/stm32l0xx_hal_cortex.o
 .comment       0x0000006e       0x6f Drivers/STM32L0xx_HAL_Driver/Src/stm32l0xx_hal_flash.o
 .comment       0x0000006e       0x6f Drivers/STM32L0xx_HAL_Driver/Src/stm32l0xx_hal_flash_ex.o
 .comment       0x0000006e       0x6f Drivers/STM32L0xx_HAL_Driver/Src/stm32l0xx_hal_gpio.o
 .comment       0x0000006e       0x6f Drivers/STM32L0xx_HAL_Driver/Src/stm32l0xx_hal_lcd.o
 .comment       0x0000006e       0x6f Drivers/STM32L0xx_HAL_Driver/Src/stm32l0xx_hal_pwr.o
 .comment       0x0000006e       0x6f Drivers/STM32L0xx_HAL_Driver/Src/stm32l0xx_hal_pwr_ex.o
 .comment       0x0000006e       0x6f Drivers/STM32L0xx_HAL_Driver/Src/stm32l0xx_hal_rcc.o
 .comment       0x0000006e       0x6f Drivers/STM32L0xx_HAL_Driver/Src/stm32l0xx_hal_rcc_ex.o
 .comment       0x0000006e       0x6f Drivers/STM32L0xx_HAL_Driver/Src/stm32l0xx_hal_rtc.o
 .comment       0x0000006e       0x6f Drivers/STM32L0xx_HAL_Driver/Src/stm32l0xx_hal_rtc_ex.o
 .comment       0x0000006e       0x6f Drivers/STM32L0xx_HAL_Driver/Src/stm32l0xx_hal_tim.o
 .comment       0x0000006e       0x6f Drivers/STM32L0xx_HAL_Driver/Src/stm32l0xx_hal_tim_ex.o
 .comment       0x0000006e       0x6f Src/eeprom.o
 .comment       0x0000006e       0x6f Src/gpio.o
 .comment       0x0000006e       0x6f Src/kt.o
 .comment       0x0000006e       0x6f Src/lcd.o
 .comment       0x0000006e       0x6f Src/main.o
 .comment       0x0000006e       0x6f Src/rtc.o
 .comment       0x0000006e       0x6f Src/screen.o
 .comment       0x0000006e       0x6f Src/stm32l0xx_hal_msp.o
 .comment       0x0000006e       0x6f Src/stm32l0xx_it.o
 .comment       0x0000006e       0x6f Src/system_clock_conf.o
 .comment       0x0000006e       0x6f Src/system_stm32l0xx.o
 .comment       0x0000006e       0x6f Src/tim.o

.debug_frame    0x00000000     0x1f98
 .debug_frame   0x00000000      0x1c4 Drivers/STM32L0xx_HAL_Driver/Src/stm32l0xx_hal.o
 .debug_frame   0x000001c4       0xf4 Drivers/STM32L0xx_HAL_Driver/Src/stm32l0xx_hal_cortex.o
 .debug_frame   0x000002b8      0x134 Drivers/STM32L0xx_HAL_Driver/Src/stm32l0xx_hal_flash.o
 .debug_frame   0x000003ec      0x198 Drivers/STM32L0xx_HAL_Driver/Src/stm32l0xx_hal_flash_ex.o
 .debug_frame   0x00000584       0xbc Drivers/STM32L0xx_HAL_Driver/Src/stm32l0xx_hal_gpio.o
 .debug_frame   0x00000640      0x114 Drivers/STM32L0xx_HAL_Driver/Src/stm32l0xx_hal_lcd.o
 .debug_frame   0x00000754      0x13c Drivers/STM32L0xx_HAL_Driver/Src/stm32l0xx_hal_pwr.o
 .debug_frame   0x00000890       0x78 Drivers/STM32L0xx_HAL_Driver/Src/stm32l0xx_hal_pwr_ex.o
 .debug_frame   0x00000908      0x134 Drivers/STM32L0xx_HAL_Driver/Src/stm32l0xx_hal_rcc.o
 .debug_frame   0x00000a3c      0x12c Drivers/STM32L0xx_HAL_Driver/Src/stm32l0xx_hal_rcc_ex.o
 .debug_frame   0x00000b68      0x230 Drivers/STM32L0xx_HAL_Driver/Src/stm32l0xx_hal_rtc.o
 .debug_frame   0x00000d98      0x37c Drivers/STM32L0xx_HAL_Driver/Src/stm32l0xx_hal_rtc_ex.o
 .debug_frame   0x00001114      0x8c8 Drivers/STM32L0xx_HAL_Driver/Src/stm32l0xx_hal_tim.o
 .debug_frame   0x000019dc       0x44 Drivers/STM32L0xx_HAL_Driver/Src/stm32l0xx_hal_tim_ex.o
 .debug_frame   0x00001a20       0x3c Src/eeprom.o
 .debug_frame   0x00001a5c       0x30 Src/gpio.o
 .debug_frame   0x00001a8c      0x174 Src/kt.o
 .debug_frame   0x00001c00       0x60 Src/lcd.o
 .debug_frame   0x00001c60       0x7c Src/main.o
 .debug_frame   0x00001cdc       0x5c Src/rtc.o
 .debug_frame   0x00001d38       0x80 Src/screen.o
 .debug_frame   0x00001db8       0x28 Src/stm32l0xx_hal_msp.o
 .debug_frame   0x00001de0       0x98 Src/stm32l0xx_it.o
 .debug_frame   0x00001e78       0x28 Src/system_clock_conf.o
 .debug_frame   0x00001ea0       0x3c Src/system_stm32l0xx.o
 .debug_frame   0x00001edc       0x70 Src/tim.o
 .debug_frame   0x00001f4c       0x20 /home/peter/eclipse/plugins/fr.ac6.mcu.externaltools.arm-none.linux64_1.12.0.201611241417/tools/compiler/bin/../lib/gcc/arm-none-eabi/5.4.1/armv6-m/libgcc.a(_udivsi3.o)
 .debug_frame   0x00001f6c       0x2c /home/peter/eclipse/plugins/fr.ac6.mcu.externaltools.arm-none.linux64_1.12.0.201611241417/tools/compiler/bin/../lib/gcc/arm-none-eabi/5.4.1/../../../../arm-none-eabi/lib/armv6-m/libc_nano.a(lib_a-init.o)
