Archive member included to satisfy reference by file (symbol)

/home/peter/eclipse/plugins/fr.ac6.mcu.externaltools.arm-none.linux64_1.12.0.201611241417/tools/compiler/bin/../lib/gcc/arm-none-eabi/5.4.1/armv6-m/libgcc.a(_thumb1_case_uqi.o)
                              Drivers/STM32L0xx_HAL_Driver/Src/stm32l0xx_hal_rcc.o (__gnu_thumb1_case_uqi)
/home/peter/eclipse/plugins/fr.ac6.mcu.externaltools.arm-none.linux64_1.12.0.201611241417/tools/compiler/bin/../lib/gcc/arm-none-eabi/5.4.1/armv6-m/libgcc.a(_udivsi3.o)
                              Drivers/STM32L0xx_HAL_Driver/Src/stm32l0xx_hal.o (__aeabi_uidiv)
/home/peter/eclipse/plugins/fr.ac6.mcu.externaltools.arm-none.linux64_1.12.0.201611241417/tools/compiler/bin/../lib/gcc/arm-none-eabi/5.4.1/armv6-m/libgcc.a(_dvmd_tls.o)
                              /home/peter/eclipse/plugins/fr.ac6.mcu.externaltools.arm-none.linux64_1.12.0.201611241417/tools/compiler/bin/../lib/gcc/arm-none-eabi/5.4.1/armv6-m/libgcc.a(_udivsi3.o) (__aeabi_idiv0)
/home/peter/eclipse/plugins/fr.ac6.mcu.externaltools.arm-none.linux64_1.12.0.201611241417/tools/compiler/bin/../lib/gcc/arm-none-eabi/5.4.1/../../../../arm-none-eabi/lib/armv6-m/libc_nano.a(lib_a-exit.o)
                              /home/peter/eclipse/plugins/fr.ac6.mcu.externaltools.arm-none.linux64_1.12.0.201611241417/tools/compiler/bin/../lib/gcc/arm-none-eabi/5.4.1/../../../../arm-none-eabi/lib/armv6-m/crt0.o (exit)
/home/peter/eclipse/plugins/fr.ac6.mcu.externaltools.arm-none.linux64_1.12.0.201611241417/tools/compiler/bin/../lib/gcc/arm-none-eabi/5.4.1/../../../../arm-none-eabi/lib/armv6-m/libc_nano.a(lib_a-impure.o)
                              /home/peter/eclipse/plugins/fr.ac6.mcu.externaltools.arm-none.linux64_1.12.0.201611241417/tools/compiler/bin/../lib/gcc/arm-none-eabi/5.4.1/../../../../arm-none-eabi/lib/armv6-m/libc_nano.a(lib_a-exit.o) (_global_impure_ptr)
/home/peter/eclipse/plugins/fr.ac6.mcu.externaltools.arm-none.linux64_1.12.0.201611241417/tools/compiler/bin/../lib/gcc/arm-none-eabi/5.4.1/../../../../arm-none-eabi/lib/armv6-m/libc_nano.a(lib_a-init.o)
                              /home/peter/eclipse/plugins/fr.ac6.mcu.externaltools.arm-none.linux64_1.12.0.201611241417/tools/compiler/bin/../lib/gcc/arm-none-eabi/5.4.1/../../../../arm-none-eabi/lib/armv6-m/crt0.o (__libc_init_array)
/home/peter/eclipse/plugins/fr.ac6.mcu.externaltools.arm-none.linux64_1.12.0.201611241417/tools/compiler/bin/../lib/gcc/arm-none-eabi/5.4.1/../../../../arm-none-eabi/lib/armv6-m/libc_nano.a(lib_a-memset.o)
                              /home/peter/eclipse/plugins/fr.ac6.mcu.externaltools.arm-none.linux64_1.12.0.201611241417/tools/compiler/bin/../lib/gcc/arm-none-eabi/5.4.1/../../../../arm-none-eabi/lib/armv6-m/crt0.o (memset)
/home/peter/eclipse/plugins/fr.ac6.mcu.externaltools.arm-none.linux64_1.12.0.201611241417/tools/compiler/bin/../lib/gcc/arm-none-eabi/5.4.1/../../../../arm-none-eabi/lib/armv6-m/libnosys.a(_exit.o)
                              /home/peter/eclipse/plugins/fr.ac6.mcu.externaltools.arm-none.linux64_1.12.0.201611241417/tools/compiler/bin/../lib/gcc/arm-none-eabi/5.4.1/../../../../arm-none-eabi/lib/armv6-m/libc_nano.a(lib_a-exit.o) (_exit)

Allocating common symbols
Common symbol       size              file

uwTick              0x4               Drivers/STM32L0xx_HAL_Driver/Src/stm32l0xx_hal.o
ProcFlash           0x18              Drivers/STM32L0xx_HAL_Driver/Src/stm32l0xx_hal_flash.o
hrtc                0x24              Src/rtc.o
hlcd                0x3c              Src/lcd.o
htim2               0x38              Src/tim.o

Discarded input sections

 .text          0x00000000        0x0 /home/peter/eclipse/plugins/fr.ac6.mcu.externaltools.arm-none.linux64_1.12.0.201611241417/tools/compiler/bin/../lib/gcc/arm-none-eabi/5.4.1/armv6-m/crti.o
 .data          0x00000000        0x0 /home/peter/eclipse/plugins/fr.ac6.mcu.externaltools.arm-none.linux64_1.12.0.201611241417/tools/compiler/bin/../lib/gcc/arm-none-eabi/5.4.1/armv6-m/crti.o
 .bss           0x00000000        0x0 /home/peter/eclipse/plugins/fr.ac6.mcu.externaltools.arm-none.linux64_1.12.0.201611241417/tools/compiler/bin/../lib/gcc/arm-none-eabi/5.4.1/armv6-m/crti.o
 .data          0x00000000        0x4 /home/peter/eclipse/plugins/fr.ac6.mcu.externaltools.arm-none.linux64_1.12.0.201611241417/tools/compiler/bin/../lib/gcc/arm-none-eabi/5.4.1/armv6-m/crtbegin.o
 .text          0x00000000       0x78 /home/peter/eclipse/plugins/fr.ac6.mcu.externaltools.arm-none.linux64_1.12.0.201611241417/tools/compiler/bin/../lib/gcc/arm-none-eabi/5.4.1/../../../../arm-none-eabi/lib/armv6-m/crt0.o
 .data          0x00000000        0x0 /home/peter/eclipse/plugins/fr.ac6.mcu.externaltools.arm-none.linux64_1.12.0.201611241417/tools/compiler/bin/../lib/gcc/arm-none-eabi/5.4.1/../../../../arm-none-eabi/lib/armv6-m/crt0.o
[...]
Memory Configuration

Name             Origin             Length             Attributes
RAM              0x20000000         0x00002000         xrw
FLASH            0x08000000         0x00010000         xr
*default*        0x00000000         0xffffffff

Linker script and memory map

LOAD /home/peter/eclipse/plugins/fr.ac6.mcu.externaltools.arm-none.linux64_1.12.0.201611241417/tools/compiler/bin/../lib/gcc/arm-none-eabi/5.4.1/armv6-m/crti.o
LOAD /home/peter/eclipse/plugins/fr.ac6.mcu.externaltools.arm-none.linux64_1.12.0.201611241417/tools/compiler/bin/../lib/gcc/arm-none-eabi/5.4.1/armv6-m/crtbegin.o
LOAD /home/peter/eclipse/plugins/fr.ac6.mcu.externaltools.arm-none.linux64_1.12.0.201611241417/tools/compiler/bin/../lib/gcc/arm-none-eabi/5.4.1/../../../../arm-none-eabi/lib/armv6-m/crt0.o
LOAD /home/peter/eclipse/plugins/fr.ac6.mcu.externaltools.arm-none.linux64_1.12.0.201611241417/tools/compiler/bin/../lib/gcc/arm-none-eabi/5.4.1/../../../../arm-none-eabi/lib/armv6-m/libm.a
LOAD Drivers/CMSIS/Device/ST/STM32L0xx/Source/Templates/gcc/startup_stm32l053xx.o
LOAD Drivers/STM32L0xx_HAL_Driver/Src/stm32l0xx_hal.o
LOAD Drivers/STM32L0xx_HAL_Driver/Src/stm32l0xx_hal_cortex.o
LOAD Drivers/STM32L0xx_HAL_Driver/Src/stm32l0xx_hal_dma.o
LOAD Drivers/STM32L0xx_HAL_Driver/Src/stm32l0xx_hal_flash.o
LOAD Drivers/STM32L0xx_HAL_Driver/Src/stm32l0xx_hal_flash_ex.o
LOAD Drivers/STM32L0xx_HAL_Driver/Src/stm32l0xx_hal_flash_ramfunc.o
LOAD Drivers/STM32L0xx_HAL_Driver/Src/stm32l0xx_hal_gpio.o
LOAD Drivers/STM32L0xx_HAL_Driver/Src/stm32l0xx_hal_i2c.o
LOAD Drivers/STM32L0xx_HAL_Driver/Src/stm32l0xx_hal_i2c_ex.o
LOAD Drivers/STM32L0xx_HAL_Driver/Src/stm32l0xx_hal_lcd.o
LOAD Drivers/STM32L0xx_HAL_Driver/Src/stm32l0xx_hal_pwr.o
LOAD Drivers/STM32L0xx_HAL_Driver/Src/stm32l0xx_hal_pwr_ex.o
LOAD Drivers/STM32L0xx_HAL_Driver/Src/stm32l0xx_hal_rcc.o
LOAD Drivers/STM32L0xx_HAL_Driver/Src/stm32l0xx_hal_rcc_ex.o
LOAD Drivers/STM32L0xx_HAL_Driver/Src/stm32l0xx_hal_rtc.o
LOAD Drivers/STM32L0xx_HAL_Driver/Src/stm32l0xx_hal_rtc_ex.o
LOAD Drivers/STM32L0xx_HAL_Driver/Src/stm32l0xx_hal_tim.o
LOAD Drivers/STM32L0xx_HAL_Driver/Src/stm32l0xx_hal_tim_ex.o
LOAD Src/gpio.o
LOAD Src/lcd.o
LOAD Src/lcd_dl1178.o
LOAD Src/main.o
LOAD Src/rtc.o
LOAD Src/stm32l0xx_hal_msp.o
LOAD Src/stm32l0xx_it.o
LOAD Src/system_clock_conf.o
LOAD Src/system_stm32l0xx.o
LOAD Src/tim.o
START GROUP
LOAD /home/peter/eclipse/plugins/fr.ac6.mcu.externaltools.arm-none.linux64_1.12.0.201611241417/tools/compiler/bin/../lib/gcc/arm-none-eabi/5.4.1/armv6-m/libgcc.a
LOAD /home/peter/eclipse/plugins/fr.ac6.mcu.externaltools.arm-none.linux64_1.12.0.201611241417/tools/compiler/bin/../lib/gcc/arm-none-eabi/5.4.1/../../../../arm-none-eabi/lib/armv6-m/libc_nano.a
END GROUP
START GROUP
LOAD /home/peter/eclipse/plugins/fr.ac6.mcu.externaltools.arm-none.linux64_1.12.0.201611241417/tools/compiler/bin/../lib/gcc/arm-none-eabi/5.4.1/armv6-m/libgcc.a
LOAD /home/peter/eclipse/plugins/fr.ac6.mcu.externaltools.arm-none.linux64_1.12.0.201611241417/tools/compiler/bin/../lib/gcc/arm-none-eabi/5.4.1/../../../../arm-none-eabi/lib/armv6-m/libc_nano.a
LOAD /home/peter/eclipse/plugins/fr.ac6.mcu.externaltools.arm-none.linux64_1.12.0.201611241417/tools/compiler/bin/../lib/gcc/arm-none-eabi/5.4.1/../../../../arm-none-eabi/lib/armv6-m/libnosys.a
END GROUP
START GROUP
LOAD /home/peter/eclipse/plugins/fr.ac6.mcu.externaltools.arm-none.linux64_1.12.0.201611241417/tools/compiler/bin/../lib/gcc/arm-none-eabi/5.4.1/armv6-m/libgcc.a
LOAD /home/peter/eclipse/plugins/fr.ac6.mcu.externaltools.arm-none.linux64_1.12.0.201611241417/tools/compiler/bin/../lib/gcc/arm-none-eabi/5.4.1/../../../../arm-none-eabi/lib/armv6-m/libc_nano.a
LOAD /home/peter/eclipse/plugins/fr.ac6.mcu.externaltools.arm-none.linux64_1.12.0.201611241417/tools/compiler/bin/../lib/gcc/arm-none-eabi/5.4.1/../../../../arm-none-eabi/lib/armv6-m/libnosys.a
END GROUP
LOAD /home/peter/eclipse/plugins/fr.ac6.mcu.externaltools.arm-none.linux64_1.12.0.201611241417/tools/compiler/bin/../lib/gcc/arm-none-eabi/5.4.1/armv6-m/crtend.o
LOAD /home/peter/eclipse/plugins/fr.ac6.mcu.externaltools.arm-none.linux64_1.12.0.201611241417/tools/compiler/bin/../lib/gcc/arm-none-eabi/5.4.1/armv6-m/crtn.o
                0x20002000                _estack = 0x20002000
                0x00000200                _Min_Heap_Size = 0x200
                0x00000400                _Min_Stack_Size = 0x400

.isr_vector     0x08000000       0xc0
                0x08000000                . = ALIGN (0x4)
 *(.isr_vector)
 .isr_vector    0x08000000       0xc0 Drivers/CMSIS/Device/ST/STM32L0xx/Source/Templates/gcc/startup_stm32l053xx.o
                0x08000000                g_pfnVectors
                0x080000c0                . = ALIGN (0x4)

.text           0x080000c0     0x2198
                0x080000c0                . = ALIGN (0x4)
 *(.text)
 .text          0x080000c0       0x60 /home/peter/eclipse/plugins/fr.ac6.mcu.externaltools.arm-none.linux64_1.12.0.201611241417/tools/compiler/bin/../lib/gcc/arm-none-eabi/5.4.1/armv6-m/crtbegin.o
 .text          0x08000120       0x14 /home/peter/eclipse/plugins/fr.ac6.mcu.externaltools.arm-none.linux64_1.12.0.201611241417/tools/compiler/bin/../lib/gcc/arm-none-eabi/5.4.1/armv6-m/libgcc.a(_thumb1_case_uqi.o)
                0x08000120                __gnu_thumb1_case_uqi
 .text          0x08000134      0x114 /home/peter/eclipse/plugins/fr.ac6.mcu.externaltools.arm-none.linux64_1.12.0.201611241417/tools/compiler/bin/../lib/gcc/arm-none-eabi/5.4.1/armv6-m/libgcc.a(_udivsi3.o)
                0x08000134                __udivsi3
                0x08000134                __aeabi_uidiv
                0x08000240                __aeabi_uidivmod
 .text          0x08000248        0x4 /home/peter/eclipse/plugins/fr.ac6.mcu.externaltools.arm-none.linux64_1.12.0.201611241417/tools/compiler/bin/../lib/gcc/arm-none-eabi/5.4.1/armv6-m/libgcc.a(_dvmd_tls.o)
                0x08000248                __aeabi_ldiv0
                0x08000248                __aeabi_idiv0
 *(.text*)
 .text.Reset_Handler
                0x0800024c       0x50 Drivers/CMSIS/Device/ST/STM32L0xx/Source/Templates/gcc/startup_stm32l053xx.o
                0x0800024c                Reset_Handler
 .text.Default_Handler
                0x0800029c        0x2 Drivers/CMSIS/Device/ST/STM32L0xx/Source/Templates/gcc/startup_stm32l053xx.o
                0x0800029c                TSC_IRQHandler
                0x0800029c                ADC1_COMP_IRQHandler
                0x0800029c                PVD_IRQHandler
                0x0800029c                I2C1_IRQHandler
                0x0800029c                RCC_CRS_IRQHandler
                0x0800029c                SPI1_IRQHandler
                0x0800029c                TIM6_DAC_IRQHandler
                0x0800029c                EXTI2_3_IRQHandler
                0x0800029c                I2C2_IRQHandler
                0x0800029c                LCD_IRQHandler
                0x0800029c                DMA1_Channel4_5_6_7_IRQHandler
                0x0800029c                DMA1_Channel1_IRQHandler
                0x0800029c                Default_Handler
                0x0800029c                TIM22_IRQHandler
                0x0800029c                EXTI0_1_IRQHandler
                0x0800029c                USB_IRQHandler
                0x0800029c                SPI2_IRQHandler
                0x0800029c                TIM21_IRQHandler
                0x0800029c                WWDG_IRQHandler
                0x0800029c                TIM2_IRQHandler
                0x0800029c                DMA1_Channel2_3_IRQHandler
                0x0800029c                USART2_IRQHandler
                0x0800029c                FLASH_IRQHandler
                0x0800029c                USART1_IRQHandler
                0x0800029c                RNG_LPUART1_IRQHandler
                0x0800029c                LPTIM1_IRQHandler
 *fill*         0x0800029e        0x2 
 .text.HAL_InitTick
                0x080002a0       0x28 Drivers/STM32L0xx_HAL_Driver/Src/stm32l0xx_hal.o
                0x080002a0                HAL_InitTick
 .text.HAL_Init
                0x080002c8       0x20 Drivers/STM32L0xx_HAL_Driver/Src/stm32l0xx_hal.o
                0x080002c8                HAL_Init
 .text.HAL_IncTick
                0x080002e8       0x10 Drivers/STM32L0xx_HAL_Driver/Src/stm32l0xx_hal.o
                0x080002e8                HAL_IncTick
 .text.HAL_GetTick
                0x080002f8        0xc Drivers/STM32L0xx_HAL_Driver/Src/stm32l0xx_hal.o
                0x080002f8                HAL_GetTick
 .text.HAL_SuspendTick
                0x08000304       0x10 Drivers/STM32L0xx_HAL_Driver/Src/stm32l0xx_hal.o
                0x08000304                HAL_SuspendTick
 .text.HAL_ResumeTick
                0x08000314       0x10 Drivers/STM32L0xx_HAL_Driver/Src/stm32l0xx_hal.o
                0x08000314                HAL_ResumeTick
 .text.HAL_NVIC_SetPriority
                0x08000324       0x60 Drivers/STM32L0xx_HAL_Driver/Src/stm32l0xx_hal_cortex.o
                0x08000324                HAL_NVIC_SetPriority
 .text.HAL_NVIC_EnableIRQ
                0x08000384       0x14 Drivers/STM32L0xx_HAL_Driver/Src/stm32l0xx_hal_cortex.o
                0x08000384                HAL_NVIC_EnableIRQ
 .text.HAL_NVIC_DisableIRQ
                0x08000398       0x14 Drivers/STM32L0xx_HAL_Driver/Src/stm32l0xx_hal_cortex.o
                0x08000398                HAL_NVIC_DisableIRQ
 .text.HAL_SYSTICK_Config
                0x080003ac       0x34 Drivers/STM32L0xx_HAL_Driver/Src/stm32l0xx_hal_cortex.o
                0x080003ac                HAL_SYSTICK_Config
 .text.HAL_SYSTICK_CLKSourceConfig
                0x080003e0       0x1c Drivers/STM32L0xx_HAL_Driver/Src/stm32l0xx_hal_cortex.o
                0x080003e0                HAL_SYSTICK_CLKSourceConfig
 .text.HAL_SYSTICK_Callback
                0x080003fc        0x2 Drivers/STM32L0xx_HAL_Driver/Src/stm32l0xx_hal_cortex.o
                0x080003fc                HAL_SYSTICK_Callback
 .text.HAL_SYSTICK_IRQHandler
                0x080003fe        0x8 Drivers/STM32L0xx_HAL_Driver/Src/stm32l0xx_hal_cortex.o
                0x080003fe                HAL_SYSTICK_IRQHandler
 *fill*         0x08000406        0x2 
 .text.HAL_GPIO_Init
                0x08000408      0x16c Drivers/STM32L0xx_HAL_Driver/Src/stm32l0xx_hal_gpio.o
                0x08000408                HAL_GPIO_Init
 .text.HAL_GPIO_ReadPin
                0x08000574        0xc Drivers/STM32L0xx_HAL_Driver/Src/stm32l0xx_hal_gpio.o
                0x08000574                HAL_GPIO_ReadPin
 .text.HAL_GPIO_WritePin
                0x08000580        0xc Drivers/STM32L0xx_HAL_Driver/Src/stm32l0xx_hal_gpio.o
                0x08000580                HAL_GPIO_WritePin
 .text.HAL_GPIO_EXTI_IRQHandler
                0x0800058c       0x18 Drivers/STM32L0xx_HAL_Driver/Src/stm32l0xx_hal_gpio.o
                0x0800058c                HAL_GPIO_EXTI_IRQHandler
 .text.HAL_LCD_UpdateDisplayRequest
                0x080005a4       0x4e Drivers/STM32L0xx_HAL_Driver/Src/stm32l0xx_hal_lcd.o
                0x080005a4                HAL_LCD_UpdateDisplayRequest
 .text.LCD_WaitForSynchro
                0x080005f2       0x2e Drivers/STM32L0xx_HAL_Driver/Src/stm32l0xx_hal_lcd.o
                0x080005f2                LCD_WaitForSynchro
 .text.HAL_LCD_Init
                0x08000620       0xf4 Drivers/STM32L0xx_HAL_Driver/Src/stm32l0xx_hal_lcd.o
                0x08000620                HAL_LCD_Init
 .text.HAL_PWR_EnableWakeUpPin
                0x08000714       0x10 Drivers/STM32L0xx_HAL_Driver/Src/stm32l0xx_hal_pwr.o
                0x08000714                HAL_PWR_EnableWakeUpPin
 .text.HAL_PWR_EnterSTOPMode
                0x08000724       0x38 Drivers/STM32L0xx_HAL_Driver/Src/stm32l0xx_hal_pwr.o
                0x08000724                HAL_PWR_EnterSTOPMode
 .text.HAL_PWR_EnterSTANDBYMode
                0x0800075c       0x20 Drivers/STM32L0xx_HAL_Driver/Src/stm32l0xx_hal_pwr.o
                0x0800075c                HAL_PWR_EnterSTANDBYMode
 .text.HAL_PWREx_EnableUltraLowPower
                0x0800077c       0x14 Drivers/STM32L0xx_HAL_Driver/Src/stm32l0xx_hal_pwr_ex.o
                0x0800077c                HAL_PWREx_EnableUltraLowPower
 .text.HAL_RCC_GetSysClockFreq
                0x08000790       0x84 Drivers/STM32L0xx_HAL_Driver/Src/stm32l0xx_hal_rcc.o
                0x08000790                HAL_RCC_GetSysClockFreq
 .text.HAL_RCC_OscConfig
                0x08000814      0x4cc Drivers/STM32L0xx_HAL_Driver/Src/stm32l0xx_hal_rcc.o
                0x08000814                HAL_RCC_OscConfig
 .text.HAL_RCC_ClockConfig
                0x08000ce0      0x16c Drivers/STM32L0xx_HAL_Driver/Src/stm32l0xx_hal_rcc.o
                0x08000ce0                HAL_RCC_ClockConfig
 .text.HAL_RCC_GetHCLKFreq
                0x08000e4c        0xc Drivers/STM32L0xx_HAL_Driver/Src/stm32l0xx_hal_rcc.o
                0x08000e4c                HAL_RCC_GetHCLKFreq
 .text.HAL_RCCEx_PeriphCLKConfig
                0x08000e58      0x190 Drivers/STM32L0xx_HAL_Driver/Src/stm32l0xx_hal_rcc_ex.o
                0x08000e58                HAL_RCCEx_PeriphCLKConfig
 .text.HAL_RCCEx_EnableLSECSS
                0x08000fe8       0x14 Drivers/STM32L0xx_HAL_Driver/Src/stm32l0xx_hal_rcc_ex.o
                0x08000fe8                HAL_RCCEx_EnableLSECSS
 .text.HAL_RTC_WaitForSynchro
                0x08000ffc       0x34 Drivers/STM32L0xx_HAL_Driver/Src/stm32l0xx_hal_rtc.o
                0x08000ffc                HAL_RTC_WaitForSynchro
 .text.RTC_EnterInitMode
                0x08001030       0x38 Drivers/STM32L0xx_HAL_Driver/Src/stm32l0xx_hal_rtc.o
                0x08001030                RTC_EnterInitMode
 .text.HAL_RTC_Init
                0x08001068       0x94 Drivers/STM32L0xx_HAL_Driver/Src/stm32l0xx_hal_rtc.o
                0x08001068                HAL_RTC_Init
 .text.RTC_ByteToBcd2
                0x080010fc       0x16 Drivers/STM32L0xx_HAL_Driver/Src/stm32l0xx_hal_rtc.o
                0x080010fc                RTC_ByteToBcd2
 *fill*         0x08001112        0x2 
 .text.HAL_RTC_SetTime
                0x08001114       0xfc Drivers/STM32L0xx_HAL_Driver/Src/stm32l0xx_hal_rtc.o
                0x08001114                HAL_RTC_SetTime
 .text.HAL_RTC_SetDate
                0x08001210       0xe0 Drivers/STM32L0xx_HAL_Driver/Src/stm32l0xx_hal_rtc.o
                0x08001210                HAL_RTC_SetDate
 .text.HAL_RTCEx_SetWakeUpTimer_IT
                0x080012f0       0xf8 Drivers/STM32L0xx_HAL_Driver/Src/stm32l0xx_hal_rtc_ex.o
                0x080012f0                HAL_RTCEx_SetWakeUpTimer_IT
 .text.HAL_RTCEx_WakeUpTimerIRQHandler
                0x080013e8       0x34 Drivers/STM32L0xx_HAL_Driver/Src/stm32l0xx_hal_rtc_ex.o
                0x080013e8                HAL_RTCEx_WakeUpTimerIRQHandler
 .text.TIM_Base_SetConfig
                0x0800141c       0x58 Drivers/STM32L0xx_HAL_Driver/Src/stm32l0xx_hal_tim.o
 .text.TIM_OC1_SetConfig
                0x08001474       0x2c Drivers/STM32L0xx_HAL_Driver/Src/stm32l0xx_hal_tim.o
 .text.TIM_OC2_SetConfig
                0x080014a0       0x34 Drivers/STM32L0xx_HAL_Driver/Src/stm32l0xx_hal_tim.o
 .text.TIM_CCxChannelCmd
                0x080014d4       0x16 Drivers/STM32L0xx_HAL_Driver/Src/stm32l0xx_hal_tim.o
 .text.HAL_TIM_Base_Init
                0x080014ea       0x36 Drivers/STM32L0xx_HAL_Driver/Src/stm32l0xx_hal_tim.o
                0x080014ea                HAL_TIM_Base_Init
 .text.HAL_TIM_PWM_MspInit
                0x08001520        0x2 Drivers/STM32L0xx_HAL_Driver/Src/stm32l0xx_hal_tim.o
                0x08001520                HAL_TIM_PWM_MspInit
 .text.HAL_TIM_PWM_Init
                0x08001522       0x36 Drivers/STM32L0xx_HAL_Driver/Src/stm32l0xx_hal_tim.o
                0x08001522                HAL_TIM_PWM_Init
 .text.HAL_TIM_PWM_Stop
                0x08001558       0x2c Drivers/STM32L0xx_HAL_Driver/Src/stm32l0xx_hal_tim.o
                0x08001558                HAL_TIM_PWM_Stop
 .text.HAL_TIM_IC_Start
                0x08001584       0x1a Drivers/STM32L0xx_HAL_Driver/Src/stm32l0xx_hal_tim.o
                0x08001584                HAL_TIM_IC_Start
 .text.HAL_TIM_PWM_Start
                0x0800159e        0x8 Drivers/STM32L0xx_HAL_Driver/Src/stm32l0xx_hal_tim.o
                0x0800159e                HAL_TIM_PWM_Start
 *fill*         0x080015a6        0x2 
 .text.HAL_TIM_PWM_ConfigChannel
                0x080015a8      0x130 Drivers/STM32L0xx_HAL_Driver/Src/stm32l0xx_hal_tim.o
                0x080015a8                HAL_TIM_PWM_ConfigChannel
 .text.HAL_TIM_ConfigClockSource
                0x080016d8      0x170 Drivers/STM32L0xx_HAL_Driver/Src/stm32l0xx_hal_tim.o
                0x080016d8                HAL_TIM_ConfigClockSource
 .text.HAL_TIMEx_MasterConfigSynchronization
                0x08001848       0x42 Drivers/STM32L0xx_HAL_Driver/Src/stm32l0xx_hal_tim_ex.o
                0x08001848                HAL_TIMEx_MasterConfigSynchronization
 *fill*         0x0800188a        0x2 
 .text.MX_GPIO_Init
                0x0800188c       0xfc Src/gpio.o
                0x0800188c                MX_GPIO_Init
 .text.MX_LCD_Init
                0x08001988       0x5c Src/lcd.o
                0x08001988                MX_LCD_Init
 .text.HAL_LCD_MspInit
                0x080019e4       0x60 Src/lcd.o
                0x080019e4                HAL_LCD_MspInit
 .text.LCD_display
                0x08001a44       0xfc Src/lcd_dl1178.o
                0x08001a44                LCD_display
 .text.idle_timeout
                0x08001b40       0x14 Src/main.o
                0x08001b40                idle_timeout
 .text.increase_time
                0x08001b54       0x24 Src/main.o
                0x08001b54                increase_time
 .text.decrease_time
                0x08001b78       0x24 Src/main.o
                0x08001b78                decrease_time
 .text.startup.main
                0x08001b9c      0x254 Src/main.o
                0x08001b9c                main
 .text.HAL_GPIO_EXTI_Callback
                0x08001df0       0x4c Src/main.o
                0x08001df0                HAL_GPIO_EXTI_Callback
 .text.HAL_RTCEx_WakeUpTimerEventCallback
                0x08001e3c       0x5c Src/main.o
                0x08001e3c                HAL_RTCEx_WakeUpTimerEventCallback
 .text.Error_Handler
                0x08001e98       0x10 Src/main.o
                0x08001e98                Error_Handler
 .text.MX_RTC_Init
                0x08001ea8       0x84 Src/rtc.o
                0x08001ea8                MX_RTC_Init
 .text.HAL_RTC_MspInit
                0x08001f2c       0x30 Src/rtc.o
                0x08001f2c                HAL_RTC_MspInit
 .text.HAL_RTC_MspDeInit
                0x08001f5c       0x28 Src/rtc.o
                0x08001f5c                HAL_RTC_MspDeInit
 .text.HAL_MspInit
                0x08001f84       0x40 Src/stm32l0xx_hal_msp.o
                0x08001f84                HAL_MspInit
 .text.NMI_Handler
                0x08001fc4        0x2 Src/stm32l0xx_it.o
                0x08001fc4                NMI_Handler
 .text.HardFault_Handler
                0x08001fc6        0x2 Src/stm32l0xx_it.o
                0x08001fc6                HardFault_Handler
 .text.SVC_Handler
                0x08001fc8        0x2 Src/stm32l0xx_it.o
                0x08001fc8                SVC_Handler
 .text.PendSV_Handler
                0x08001fca        0x2 Src/stm32l0xx_it.o
                0x08001fca                PendSV_Handler
 .text.SysTick_Handler
                0x08001fcc        0xc Src/stm32l0xx_it.o
                0x08001fcc                SysTick_Handler
 .text.RTC_IRQHandler
                0x08001fd8       0x10 Src/stm32l0xx_it.o
                0x08001fd8                RTC_IRQHandler
 .text.EXTI4_15_IRQHandler
                0x08001fe8       0x16 Src/stm32l0xx_it.o
                0x08001fe8                EXTI4_15_IRQHandler
 *fill*         0x08001ffe        0x2 
 .text.SystemClock_Config
                0x08002000       0xa0 Src/system_clock_conf.o
                0x08002000                SystemClock_Config
 .text.SystemInit
                0x080020a0       0x5c Src/system_stm32l0xx.o
                0x080020a0                SystemInit
 .text.HAL_TIM_Base_MspInit
                0x080020fc       0x1c Src/tim.o
                0x080020fc                HAL_TIM_Base_MspInit
 .text.HAL_TIM_MspPostInit
                0x08002118       0x30 Src/tim.o
                0x08002118                HAL_TIM_MspPostInit
 .text.MX_TIM2_Init
                0x08002148       0x90 Src/tim.o
                0x08002148                MX_TIM2_Init
 .text.HAL_TIM_Base_MspDeInit
                0x080021d8       0x1c Src/tim.o
                0x080021d8                HAL_TIM_Base_MspDeInit
 .text.__libc_init_array
                0x080021f4       0x4c /home/peter/eclipse/plugins/fr.ac6.mcu.externaltools.arm-none.linux64_1.12.0.201611241417/tools/compiler/bin/../lib/gcc/arm-none-eabi/5.4.1/../../../../arm-none-eabi/lib/armv6-m/libc_nano.a(lib_a-init.o)
                0x080021f4                __libc_init_array
 *(.glue_7)
 .glue_7        0x08002240        0x0 linker stubs
 *(.glue_7t)
 .glue_7t       0x08002240        0x0 linker stubs
 *(.eh_frame)
 .eh_frame      0x08002240        0x0 /home/peter/eclipse/plugins/fr.ac6.mcu.externaltools.arm-none.linux64_1.12.0.201611241417/tools/compiler/bin/../lib/gcc/arm-none-eabi/5.4.1/armv6-m/crtbegin.o
 *(.init)
 .init          0x08002240        0x4 /home/peter/eclipse/plugins/fr.ac6.mcu.externaltools.arm-none.linux64_1.12.0.201611241417/tools/compiler/bin/../lib/gcc/arm-none-eabi/5.4.1/armv6-m/crti.o
                0x08002240                _init
 .init          0x08002244        0x8 /home/peter/eclipse/plugins/fr.ac6.mcu.externaltools.arm-none.linux64_1.12.0.201611241417/tools/compiler/bin/../lib/gcc/arm-none-eabi/5.4.1/armv6-m/crtn.o
 *(.fini)
 .fini          0x0800224c        0x4 /home/peter/eclipse/plugins/fr.ac6.mcu.externaltools.arm-none.linux64_1.12.0.201611241417/tools/compiler/bin/../lib/gcc/arm-none-eabi/5.4.1/armv6-m/crti.o
                0x0800224c                _fini
 .fini          0x08002250        0x8 /home/peter/eclipse/plugins/fr.ac6.mcu.externaltools.arm-none.linux64_1.12.0.201611241417/tools/compiler/bin/../lib/gcc/arm-none-eabi/5.4.1/armv6-m/crtn.o
                0x08002258                . = ALIGN (0x4)
                0x08002258                _etext = .

.vfp11_veneer   0x08002258        0x0
 .vfp11_veneer  0x08002258        0x0 linker stubs

.v4_bx          0x08002258        0x0
 .v4_bx         0x08002258        0x0 linker stubs

.iplt           0x08002258        0x0
 .iplt          0x08002258        0x0 /home/peter/eclipse/plugins/fr.ac6.mcu.externaltools.arm-none.linux64_1.12.0.201611241417/tools/compiler/bin/../lib/gcc/arm-none-eabi/5.4.1/armv6-m/crtbegin.o

.rodata         0x08002258      0x2e4
                0x08002258                . = ALIGN (0x4)
 *(.rodata)
 .rodata        0x08002258      0x2c0 Src/lcd_dl1178.o
                0x08002258                lcd_digits
 .rodata        0x08002518       0x21 Src/system_stm32l0xx.o
                0x08002518                PLLMulTable
                0x08002521                AHBPrescTable
                0x08002531                APBPrescTable
 *(.rodata*)
                0x0800253c                . = ALIGN (0x4)
 *fill*         0x08002539        0x3 

.rel.dyn        0x0800253c        0x0
 .rel.iplt      0x0800253c        0x0 /home/peter/eclipse/plugins/fr.ac6.mcu.externaltools.arm-none.linux64_1.12.0.201611241417/tools/compiler/bin/../lib/gcc/arm-none-eabi/5.4.1/armv6-m/crtbegin.o

.ARM.extab
 *(.ARM.extab* .gnu.linkonce.armextab.*)

.ARM            0x0800253c        0x0
                0x0800253c                __exidx_start = .
 *(.ARM.exidx*)
                0x0800253c                __exidx_end = .

.preinit_array  0x0800253c        0x0
                0x0800253c                PROVIDE (__preinit_array_start, .)
 *(.preinit_array*)
                0x0800253c                PROVIDE (__preinit_array_end, .)

.init_array     0x0800253c        0x4
                0x0800253c                PROVIDE (__init_array_start, .)
 *(SORT(.init_array.*))
 *(.init_array*)
 .init_array    0x0800253c        0x4 /home/peter/eclipse/plugins/fr.ac6.mcu.externaltools.arm-none.linux64_1.12.0.201611241417/tools/compiler/bin/../lib/gcc/arm-none-eabi/5.4.1/armv6-m/crtbegin.o
                0x08002540                PROVIDE (__init_array_end, .)

.fini_array     0x08002540        0x4
                [!provide]                PROVIDE (__fini_array_start, .)
 *(SORT(.fini_array.*))
 *(.fini_array*)
 .fini_array    0x08002540        0x4 /home/peter/eclipse/plugins/fr.ac6.mcu.externaltools.arm-none.linux64_1.12.0.201611241417/tools/compiler/bin/../lib/gcc/arm-none-eabi/5.4.1/armv6-m/crtbegin.o
                [!provide]                PROVIDE (__fini_array_end, .)
                0x08002544                _sidata = LOADADDR (.data)

.data           0x20000000        0x8 load address 0x08002544
                0x20000000                . = ALIGN (0x4)
                0x20000000                _sdata = .
 *(.data)
 .data          0x20000000        0x2 Src/main.o
                0x20000000                update_display
                0x20000001                ampm
 *fill*         0x20000002        0x2 
 .data          0x20000004        0x4 Src/system_stm32l0xx.o
                0x20000004                SystemCoreClock
 *(.data*)
                0x20000008                . = ALIGN (0x4)
                0x20000008                _edata = .

.jcr            0x20000008        0x0 load address 0x0800254c
 .jcr           0x20000008        0x0 /home/peter/eclipse/plugins/fr.ac6.mcu.externaltools.arm-none.linux64_1.12.0.201611241417/tools/compiler/bin/../lib/gcc/arm-none-eabi/5.4.1/armv6-m/crtbegin.o

.igot.plt       0x20000008        0x0 load address 0x0800254c
 .igot.plt      0x20000008        0x0 /home/peter/eclipse/plugins/fr.ac6.mcu.externaltools.arm-none.linux64_1.12.0.201611241417/tools/compiler/bin/../lib/gcc/arm-none-eabi/5.4.1/armv6-m/crtbegin.o
                0x20000008                . = ALIGN (0x4)

.bss            0x20000008       0xd0 load address 0x0800254c
                0x20000008                _sbss = .
                0x20000008                __bss_start__ = _sbss
 *(.bss)
 .bss           0x20000008       0x1c /home/peter/eclipse/plugins/fr.ac6.mcu.externaltools.arm-none.linux64_1.12.0.201611241417/tools/compiler/bin/../lib/gcc/arm-none-eabi/5.4.1/armv6-m/crtbegin.o
 .bss           0x20000024       0x18 Src/main.o
                0x20000024                idle_time
                0x20000028                state
                0x20000029                minutes
                0x2000002a                seconds
                0x2000002b                button_state
                0x2000002c                button_flag
                0x20000030                button_down
                0x20000034                alarm_duration_timer
                0x20000038                alarm_pulse_timer
 *(.bss*)
 *(COMMON)
 COMMON         0x2000003c        0x4 Drivers/STM32L0xx_HAL_Driver/Src/stm32l0xx_hal.o
                0x2000003c                uwTick
 COMMON         0x20000040       0x3c Src/lcd.o
                0x20000040                hlcd
 COMMON         0x2000007c       0x24 Src/rtc.o
                0x2000007c                hrtc
 COMMON         0x200000a0       0x38 Src/tim.o
                0x200000a0                htim2
                0x200000d8                . = ALIGN (0x4)
                0x200000d8                _ebss = .
                0x200000d8                __bss_end__ = _ebss

._user_heap_stack
                0x200000d8      0x600 load address 0x0800254c
                0x200000d8                . = ALIGN (0x8)
                [!provide]                PROVIDE (end, .)
                [!provide]                PROVIDE (_end, .)
                0x200002d8                . = (. + _Min_Heap_Size)
 *fill*         0x200000d8      0x200 
                0x200006d8                . = (. + _Min_Stack_Size)
 *fill*         0x200002d8      0x400 
                0x200006d8                . = ALIGN (0x8)

/DISCARD/
 libc.a(*)
 libm.a(*)
 libgcc.a(*)

.ARM.attributes
                0x00000000       0x28
 *(.ARM.attributes)
 .ARM.attributes
                0x00000000       0x1e /home/peter/eclipse/plugins/fr.ac6.mcu.externaltools.arm-none.linux64_1.12.0.201611241417/tools/compiler/bin/../lib/gcc/arm-none-eabi/5.4.1/armv6-m/crti.o
 .ARM.attributes
                0x0000001e       0x2c /home/peter/eclipse/plugins/fr.ac6.mcu.externaltools.arm-none.linux64_1.12.0.201611241417/tools/compiler/bin/../lib/gcc/arm-none-eabi/5.4.1/armv6-m/crtbegin.o
 .ARM.attributes
                0x0000004a       0x22 Drivers/CMSIS/Device/ST/STM32L0xx/Source/Templates/gcc/startup_stm32l053xx.o
 .ARM.attributes
                0x0000006c       0x32 Drivers/STM32L0xx_HAL_Driver/Src/stm32l0xx_hal.o
 .ARM.attributes
                0x0000009e       0x32 Drivers/STM32L0xx_HAL_Driver/Src/stm32l0xx_hal_cortex.o
 .ARM.attributes
                0x000000d0       0x32 Drivers/STM32L0xx_HAL_Driver/Src/stm32l0xx_hal_gpio.o
 .ARM.attributes
                0x00000102       0x32 Drivers/STM32L0xx_HAL_Driver/Src/stm32l0xx_hal_lcd.o
 .ARM.attributes
                0x00000134       0x32 Drivers/STM32L0xx_HAL_Driver/Src/stm32l0xx_hal_pwr.o
 .ARM.attributes
                0x00000166       0x32 Drivers/STM32L0xx_HAL_Driver/Src/stm32l0xx_hal_pwr_ex.o
 .ARM.attributes
                0x00000198       0x32 Drivers/STM32L0xx_HAL_Driver/Src/stm32l0xx_hal_rcc.o
 .ARM.attributes
                0x000001ca       0x32 Drivers/STM32L0xx_HAL_Driver/Src/stm32l0xx_hal_rcc_ex.o
 .ARM.attributes
                0x000001fc       0x32 Drivers/STM32L0xx_HAL_Driver/Src/stm32l0xx_hal_rtc.o
 .ARM.attributes
                0x0000022e       0x32 Drivers/STM32L0xx_HAL_Driver/Src/stm32l0xx_hal_rtc_ex.o
 .ARM.attributes
                0x00000260       0x32 Drivers/STM32L0xx_HAL_Driver/Src/stm32l0xx_hal_tim.o
 .ARM.attributes
                0x00000292       0x32 Drivers/STM32L0xx_HAL_Driver/Src/stm32l0xx_hal_tim_ex.o
 .ARM.attributes
                0x000002c4       0x32 Src/gpio.o
 .ARM.attributes
                0x000002f6       0x32 Src/lcd.o
 .ARM.attributes
                0x00000328       0x32 Src/lcd_dl1178.o
 .ARM.attributes
                0x0000035a       0x32 Src/main.o
 .ARM.attributes
                0x0000038c       0x32 Src/rtc.o
 .ARM.attributes
                0x000003be       0x32 Src/stm32l0xx_hal_msp.o
 .ARM.attributes
                0x000003f0       0x32 Src/stm32l0xx_it.o
 .ARM.attributes
                0x00000422       0x32 Src/system_clock_conf.o
 .ARM.attributes
                0x00000454       0x32 Src/system_stm32l0xx.o
 .ARM.attributes
                0x00000486       0x32 Src/tim.o
 .ARM.attributes
                0x000004b8       0x1e /home/peter/eclipse/plugins/fr.ac6.mcu.externaltools.arm-none.linux64_1.12.0.201611241417/tools/compiler/bin/../lib/gcc/arm-none-eabi/5.4.1/armv6-m/libgcc.a(_thumb1_case_uqi.o)
 .ARM.attributes
                0x000004d6       0x1e /home/peter/eclipse/plugins/fr.ac6.mcu.externaltools.arm-none.linux64_1.12.0.201611241417/tools/compiler/bin/../lib/gcc/arm-none-eabi/5.4.1/armv6-m/libgcc.a(_udivsi3.o)
 .ARM.attributes
                0x000004f4       0x1e /home/peter/eclipse/plugins/fr.ac6.mcu.externaltools.arm-none.linux64_1.12.0.201611241417/tools/compiler/bin/../lib/gcc/arm-none-eabi/5.4.1/armv6-m/libgcc.a(_dvmd_tls.o)
 .ARM.attributes
                0x00000512       0x2c /home/peter/eclipse/plugins/fr.ac6.mcu.externaltools.arm-none.linux64_1.12.0.201611241417/tools/compiler/bin/../lib/gcc/arm-none-eabi/5.4.1/../../../../arm-none-eabi/lib/armv6-m/libc_nano.a(lib_a-init.o)
 .ARM.attributes
                0x0000053e       0x1e /home/peter/eclipse/plugins/fr.ac6.mcu.externaltools.arm-none.linux64_1.12.0.201611241417/tools/compiler/bin/../lib/gcc/arm-none-eabi/5.4.1/armv6-m/crtn.o
OUTPUT(kitchen_timer_stm32.elf elf32-littlearm)

.debug_line     0x00000000     0xe57e
 .debug_line    0x00000000       0xb2 Drivers/CMSIS/Device/ST/STM32L0xx/Source/Templates/gcc/startup_stm32l053xx.o
 .debug_line    0x000000b2      0xa51 Drivers/STM32L0xx_HAL_Driver/Src/stm32l0xx_hal.o
 .debug_line    0x00000b03      0xa0e Drivers/STM32L0xx_HAL_Driver/Src/stm32l0xx_hal_cortex.o
 .debug_line    0x00001511      0xa02 Drivers/STM32L0xx_HAL_Driver/Src/stm32l0xx_hal_gpio.o
 .debug_line    0x00001f13      0xa1f Drivers/STM32L0xx_HAL_Driver/Src/stm32l0xx_hal_lcd.o
 .debug_line    0x00002932      0x9f4 Drivers/STM32L0xx_HAL_Driver/Src/stm32l0xx_hal_pwr.o
 .debug_line    0x00003326      0x8ef Drivers/STM32L0xx_HAL_Driver/Src/stm32l0xx_hal_pwr_ex.o
 .debug_line    0x00003c15      0xb8e Drivers/STM32L0xx_HAL_Driver/Src/stm32l0xx_hal_rcc.o
 .debug_line    0x000047a3      0xb50 Drivers/STM32L0xx_HAL_Driver/Src/stm32l0xx_hal_rcc_ex.o
 .debug_line    0x000052f3      0xc39 Drivers/STM32L0xx_HAL_Driver/Src/stm32l0xx_hal_rtc.o
 .debug_line    0x00005f2c      0xfd0 Drivers/STM32L0xx_HAL_Driver/Src/stm32l0xx_hal_rtc_ex.o
 .debug_line    0x00006efc     0x1633 Drivers/STM32L0xx_HAL_Driver/Src/stm32l0xx_hal_tim.o
 .debug_line    0x0000852f      0x8df Drivers/STM32L0xx_HAL_Driver/Src/stm32l0xx_hal_tim_ex.o
 .debug_line    0x00008e0e      0x8a6 Src/gpio.o
 .debug_line    0x000096b4      0x8d1 Src/lcd.o
 .debug_line    0x00009f85      0x8a4 Src/lcd_dl1178.o
 .debug_line    0x0000a829      0x9db Src/main.o
 .debug_line    0x0000b204      0x8a2 Src/rtc.o
 .debug_line    0x0000baa6      0x85b Src/stm32l0xx_hal_msp.o
 .debug_line    0x0000c301      0x8a8 Src/stm32l0xx_it.o
 .debug_line    0x0000cba9      0x894 Src/system_clock_conf.o
 .debug_line    0x0000d43d      0x889 Src/system_stm32l0xx.o
 .debug_line    0x0000dcc6      0x8b8 Src/tim.o

.debug_info     0x00000000     0xc6bc
 .debug_info    0x00000000       0xbd Drivers/CMSIS/Device/ST/STM32L0xx/Source/Templates/gcc/startup_stm32l053xx.o
 .debug_info    0x000000bd      0x73a Drivers/STM32L0xx_HAL_Driver/Src/stm32l0xx_hal.o
 .debug_info    0x000007f7      0x8d7 Drivers/STM32L0xx_HAL_Driver/Src/stm32l0xx_hal_cortex.o
 .debug_info    0x000010ce      0x64d Drivers/STM32L0xx_HAL_Driver/Src/stm32l0xx_hal_gpio.o
 .debug_info    0x0000171b      0x5cc Drivers/STM32L0xx_HAL_Driver/Src/stm32l0xx_hal_lcd.o
 .debug_info    0x00001ce7      0x5ee Drivers/STM32L0xx_HAL_Driver/Src/stm32l0xx_hal_pwr.o
 .debug_info    0x000022d5      0x1a1 Drivers/STM32L0xx_HAL_Driver/Src/stm32l0xx_hal_pwr_ex.o
 .debug_info    0x00002476      0xaf8 Drivers/STM32L0xx_HAL_Driver/Src/stm32l0xx_hal_rcc.o
 .debug_info    0x00002f6e      0x778 Drivers/STM32L0xx_HAL_Driver/Src/stm32l0xx_hal_rcc_ex.o
 .debug_info    0x000036e6      0xd08 Drivers/STM32L0xx_HAL_Driver/Src/stm32l0xx_hal_rtc.o
 .debug_info    0x000043ee      0xe8b Drivers/STM32L0xx_HAL_Driver/Src/stm32l0xx_hal_rtc_ex.o
 .debug_info    0x00005279     0x2cd3 Drivers/STM32L0xx_HAL_Driver/Src/stm32l0xx_hal_tim.o
 .debug_info    0x00007f4c      0x591 Drivers/STM32L0xx_HAL_Driver/Src/stm32l0xx_hal_tim_ex.o
 .debug_info    0x000084dd      0x581 Src/gpio.o
 .debug_info    0x00008a5e      0x63b Src/lcd.o
 .debug_info    0x00009099      0x3a3 Src/lcd_dl1178.o
 .debug_info    0x0000943c     0x114f Src/main.o
 .debug_info    0x0000a58b      0x7b0 Src/rtc.o
 .debug_info    0x0000ad3b      0x30b Src/stm32l0xx_hal_msp.o
 .debug_info    0x0000b046      0x415 Src/stm32l0xx_it.o
 .debug_info    0x0000b45b      0x4d5 Src/system_clock_conf.o
 .debug_info    0x0000b930      0x37b Src/system_stm32l0xx.o
 .debug_info    0x0000bcab      0xa11 Src/tim.o

.debug_abbrev   0x00000000     0x260a
 .debug_abbrev  0x00000000       0x12 Drivers/CMSIS/Device/ST/STM32L0xx/Source/Templates/gcc/startup_stm32l053xx.o
 .debug_abbrev  0x00000012      0x21b Drivers/STM32L0xx_HAL_Driver/Src/stm32l0xx_hal.o
 .debug_abbrev  0x0000022d      0x292 Drivers/STM32L0xx_HAL_Driver/Src/stm32l0xx_hal_cortex.o
 .debug_abbrev  0x000004bf      0x1bc Drivers/STM32L0xx_HAL_Driver/Src/stm32l0xx_hal_gpio.o
 .debug_abbrev  0x0000067b      0x1c9 Drivers/STM32L0xx_HAL_Driver/Src/stm32l0xx_hal_lcd.o
 .debug_abbrev  0x00000844      0x190 Drivers/STM32L0xx_HAL_Driver/Src/stm32l0xx_hal_pwr.o
 .debug_abbrev  0x000009d4       0xdf Drivers/STM32L0xx_HAL_Driver/Src/stm32l0xx_hal_pwr_ex.o
 .debug_abbrev  0x00000ab3      0x292 Drivers/STM32L0xx_HAL_Driver/Src/stm32l0xx_hal_rcc.o
 .debug_abbrev  0x00000d45      0x1e5 Drivers/STM32L0xx_HAL_Driver/Src/stm32l0xx_hal_rcc_ex.o
 .debug_abbrev  0x00000f2a      0x1dc Drivers/STM32L0xx_HAL_Driver/Src/stm32l0xx_hal_rtc.o
 .debug_abbrev  0x00001106      0x1ed Drivers/STM32L0xx_HAL_Driver/Src/stm32l0xx_hal_rtc_ex.o
 .debug_abbrev  0x000012f3      0x304 Drivers/STM32L0xx_HAL_Driver/Src/stm32l0xx_hal_tim.o
 .debug_abbrev  0x000015f7      0x17e Drivers/STM32L0xx_HAL_Driver/Src/stm32l0xx_hal_tim_ex.o
 .debug_abbrev  0x00001775      0x13e Src/gpio.o
 .debug_abbrev  0x000018b3      0x171 Src/lcd.o
 .debug_abbrev  0x00001a24      0x169 Src/lcd_dl1178.o
 .debug_abbrev  0x00001b8d      0x2b4 Src/main.o
 .debug_abbrev  0x00001e41      0x159 Src/rtc.o
 .debug_abbrev  0x00001f9a       0xe9 Src/stm32l0xx_hal_msp.o
 .debug_abbrev  0x00002083      0x15d Src/stm32l0xx_it.o
 .debug_abbrev  0x000021e0      0x130 Src/system_clock_conf.o
 .debug_abbrev  0x00002310       0xf3 Src/system_stm32l0xx.o
 .debug_abbrev  0x00002403      0x207 Src/tim.o

.debug_aranges  0x00000000      0x9f8
 .debug_aranges
                0x00000000       0x28 Drivers/CMSIS/Device/ST/STM32L0xx/Source/Templates/gcc/startup_stm32l053xx.o
 .debug_aranges
                0x00000028       0xd8 Drivers/STM32L0xx_HAL_Driver/Src/stm32l0xx_hal.o
 .debug_aranges
                0x00000100       0x80 Drivers/STM32L0xx_HAL_Driver/Src/stm32l0xx_hal_cortex.o
 .debug_aranges
                0x00000180       0x58 Drivers/STM32L0xx_HAL_Driver/Src/stm32l0xx_hal_gpio.o
 .debug_aranges
                0x000001d8       0x60 Drivers/STM32L0xx_HAL_Driver/Src/stm32l0xx_hal_lcd.o
 .debug_aranges
                0x00000238       0xa0 Drivers/STM32L0xx_HAL_Driver/Src/stm32l0xx_hal_pwr.o
 .debug_aranges
                0x000002d8       0x48 Drivers/STM32L0xx_HAL_Driver/Src/stm32l0xx_hal_pwr_ex.o
 .debug_aranges
                0x00000320       0x80 Drivers/STM32L0xx_HAL_Driver/Src/stm32l0xx_hal_rcc.o
 .debug_aranges
                0x000003a0       0x88 Drivers/STM32L0xx_HAL_Driver/Src/stm32l0xx_hal_rcc_ex.o
 .debug_aranges
                0x00000428       0xa8 Drivers/STM32L0xx_HAL_Driver/Src/stm32l0xx_hal_rtc.o
 .debug_aranges
                0x000004d0      0x100 Drivers/STM32L0xx_HAL_Driver/Src/stm32l0xx_hal_rtc_ex.o
 .debug_aranges
                0x000005d0      0x218 Drivers/STM32L0xx_HAL_Driver/Src/stm32l0xx_hal_tim.o
 .debug_aranges
                0x000007e8       0x28 Drivers/STM32L0xx_HAL_Driver/Src/stm32l0xx_hal_tim_ex.o
 .debug_aranges
                0x00000810       0x20 Src/gpio.o
 .debug_aranges
                0x00000830       0x30 Src/lcd.o
 .debug_aranges
                0x00000860       0x28 Src/lcd_dl1178.o
 .debug_aranges
                0x00000888       0x60 Src/main.o
 .debug_aranges
                0x000008e8       0x30 Src/rtc.o
 .debug_aranges
                0x00000918       0x20 Src/stm32l0xx_hal_msp.o
 .debug_aranges
                0x00000938       0x40 Src/stm32l0xx_it.o
 .debug_aranges
                0x00000978       0x20 Src/system_clock_conf.o
 .debug_aranges
                0x00000998       0x28 Src/system_stm32l0xx.o
 .debug_aranges
                0x000009c0       0x38 Src/tim.o

.debug_ranges   0x00000000      0xd30
 .debug_ranges  0x00000000       0x20 Drivers/CMSIS/Device/ST/STM32L0xx/Source/Templates/gcc/startup_stm32l053xx.o
 .debug_ranges  0x00000020       0xc8 Drivers/STM32L0xx_HAL_Driver/Src/stm32l0xx_hal.o
 .debug_ranges  0x000000e8       0xf0 Drivers/STM32L0xx_HAL_Driver/Src/stm32l0xx_hal_cortex.o
 .debug_ranges  0x000001d8       0x48 Drivers/STM32L0xx_HAL_Driver/Src/stm32l0xx_hal_gpio.o
 .debug_ranges  0x00000220       0x50 Drivers/STM32L0xx_HAL_Driver/Src/stm32l0xx_hal_lcd.o
 .debug_ranges  0x00000270       0x90 Drivers/STM32L0xx_HAL_Driver/Src/stm32l0xx_hal_pwr.o
 .debug_ranges  0x00000300       0x38 Drivers/STM32L0xx_HAL_Driver/Src/stm32l0xx_hal_pwr_ex.o
 .debug_ranges  0x00000338       0xb8 Drivers/STM32L0xx_HAL_Driver/Src/stm32l0xx_hal_rcc.o
 .debug_ranges  0x000003f0       0x78 Drivers/STM32L0xx_HAL_Driver/Src/stm32l0xx_hal_rcc_ex.o
 .debug_ranges  0x00000468       0x98 Drivers/STM32L0xx_HAL_Driver/Src/stm32l0xx_hal_rtc.o
 .debug_ranges  0x00000500       0xf0 Drivers/STM32L0xx_HAL_Driver/Src/stm32l0xx_hal_rtc_ex.o
 .debug_ranges  0x000005f0      0x540 Drivers/STM32L0xx_HAL_Driver/Src/stm32l0xx_hal_tim.o
 .debug_ranges  0x00000b30       0x18 Drivers/STM32L0xx_HAL_Driver/Src/stm32l0xx_hal_tim_ex.o
 .debug_ranges  0x00000b48       0xb0 Src/gpio.o
 .debug_ranges  0x00000bf8       0x20 Src/lcd.o
 .debug_ranges  0x00000c18       0x18 Src/lcd_dl1178.o
 .debug_ranges  0x00000c30       0x50 Src/main.o
 .debug_ranges  0x00000c80       0x20 Src/rtc.o
 .debug_ranges  0x00000ca0       0x10 Src/stm32l0xx_hal_msp.o
 .debug_ranges  0x00000cb0       0x30 Src/stm32l0xx_it.o
 .debug_ranges  0x00000ce0       0x10 Src/system_clock_conf.o
 .debug_ranges  0x00000cf0       0x18 Src/system_stm32l0xx.o
 .debug_ranges  0x00000d08       0x28 Src/tim.o

.debug_loc      0x00000000     0x69ba
 .debug_loc     0x00000000       0xac Drivers/STM32L0xx_HAL_Driver/Src/stm32l0xx_hal.o
 .debug_loc     0x000000ac      0x3da Drivers/STM32L0xx_HAL_Driver/Src/stm32l0xx_hal_cortex.o
 .debug_loc     0x00000486      0x2cc Drivers/STM32L0xx_HAL_Driver/Src/stm32l0xx_hal_gpio.o
 .debug_loc     0x00000752      0x32f Drivers/STM32L0xx_HAL_Driver/Src/stm32l0xx_hal_lcd.o
 .debug_loc     0x00000a81      0x12f Drivers/STM32L0xx_HAL_Driver/Src/stm32l0xx_hal_pwr.o
 .debug_loc     0x00000bb0       0x1f Drivers/STM32L0xx_HAL_Driver/Src/stm32l0xx_hal_pwr_ex.o
 .debug_loc     0x00000bcf      0x4bc Drivers/STM32L0xx_HAL_Driver/Src/stm32l0xx_hal_rcc.o
 .debug_loc     0x0000108b      0x540 Drivers/STM32L0xx_HAL_Driver/Src/stm32l0xx_hal_rcc_ex.o
 .debug_loc     0x000015cb      0xab7 Drivers/STM32L0xx_HAL_Driver/Src/stm32l0xx_hal_rtc.o
 .debug_loc     0x00002082      0xd82 Drivers/STM32L0xx_HAL_Driver/Src/stm32l0xx_hal_rtc_ex.o
 .debug_loc     0x00002e04     0x3715 Drivers/STM32L0xx_HAL_Driver/Src/stm32l0xx_hal_tim.o
 .debug_loc     0x00006519       0x7e Drivers/STM32L0xx_HAL_Driver/Src/stm32l0xx_hal_tim_ex.o
 .debug_loc     0x00006597       0x42 Src/lcd.o
 .debug_loc     0x000065d9       0xf4 Src/lcd_dl1178.o
 .debug_loc     0x000066cd      0x146 Src/main.o
 .debug_loc     0x00006813       0x42 Src/rtc.o
 .debug_loc     0x00006855      0x123 Src/system_stm32l0xx.o
 .debug_loc     0x00006978       0x42 Src/tim.o

.debug_macro    0x00000000    0x16976
 .debug_macro   0x00000000      0x335 Drivers/STM32L0xx_HAL_Driver/Src/stm32l0xx_hal.o
 .debug_macro   0x00000335      0x838 Drivers/STM32L0xx_HAL_Driver/Src/stm32l0xx_hal.o
 .debug_macro   0x00000b6d       0x22 Drivers/STM32L0xx_HAL_Driver/Src/stm32l0xx_hal.o
 .debug_macro   0x00000b8f       0x87 Drivers/STM32L0xx_HAL_Driver/Src/stm32l0xx_hal.o
 .debug_macro   0x00000c16       0x44 Drivers/STM32L0xx_HAL_Driver/Src/stm32l0xx_hal.o
 .debug_macro   0x00000c5a       0xfd Drivers/STM32L0xx_HAL_Driver/Src/stm32l0xx_hal.o
 .debug_macro   0x00000d57       0x5e Drivers/STM32L0xx_HAL_Driver/Src/stm32l0xx_hal.o
 .debug_macro   0x00000db5      0x1df Drivers/STM32L0xx_HAL_Driver/Src/stm32l0xx_hal.o
 .debug_macro   0x00000f94       0x22 Drivers/STM32L0xx_HAL_Driver/Src/stm32l0xx_hal.o
 .debug_macro   0x00000fb6       0x9a Drivers/STM32L0xx_HAL_Driver/Src/stm32l0xx_hal.o
 .debug_macro   0x00001050       0x2e Drivers/STM32L0xx_HAL_Driver/Src/stm32l0xx_hal.o
 .debug_macro   0x0000107e       0x28 Drivers/STM32L0xx_HAL_Driver/Src/stm32l0xx_hal.o
 .debug_macro   0x000010a6       0x3a Drivers/STM32L0xx_HAL_Driver/Src/stm32l0xx_hal.o
 .debug_macro   0x000010e0       0x26 Drivers/STM32L0xx_HAL_Driver/Src/stm32l0xx_hal.o
 .debug_macro   0x00001106      0x44f Drivers/STM32L0xx_HAL_Driver/Src/stm32l0xx_hal.o
 .debug_macro   0x00001555     0x9cc0 Drivers/STM32L0xx_HAL_Driver/Src/stm32l0xx_hal.o
 .debug_macro   0x0000b215       0x3c Drivers/STM32L0xx_HAL_Driver/Src/stm32l0xx_hal.o
 .debug_macro   0x0000b251     0x3440 Drivers/STM32L0xx_HAL_Driver/Src/stm32l0xx_hal.o
 .debug_macro   0x0000e691       0x52 Drivers/STM32L0xx_HAL_Driver/Src/stm32l0xx_hal.o
 .debug_macro   0x0000e6e3       0x35 Drivers/STM32L0xx_HAL_Driver/Src/stm32l0xx_hal.o
 .debug_macro   0x0000e718       0x9c Drivers/STM32L0xx_HAL_Driver/Src/stm32l0xx_hal.o
 .debug_macro   0x0000e7b4       0x16 Drivers/STM32L0xx_HAL_Driver/Src/stm32l0xx_hal.o
 .debug_macro   0x0000e7ca       0x97 Drivers/STM32L0xx_HAL_Driver/Src/stm32l0xx_hal.o
 .debug_macro   0x0000e861      0x30d Drivers/STM32L0xx_HAL_Driver/Src/stm32l0xx_hal.o
 .debug_macro   0x0000eb6e       0xfd Drivers/STM32L0xx_HAL_Driver/Src/stm32l0xx_hal.o
 .debug_macro   0x0000ec6b       0x10 Drivers/STM32L0xx_HAL_Driver/Src/stm32l0xx_hal.o
 .debug_macro   0x0000ec7b       0x52 Drivers/STM32L0xx_HAL_Driver/Src/stm32l0xx_hal.o
 .debug_macro   0x0000eccd       0x1f Drivers/STM32L0xx_HAL_Driver/Src/stm32l0xx_hal.o
 .debug_macro   0x0000ecec       0x43 Drivers/STM32L0xx_HAL_Driver/Src/stm32l0xx_hal.o
 .debug_macro   0x0000ed2f       0x20 Drivers/STM32L0xx_HAL_Driver/Src/stm32l0xx_hal.o
 .debug_macro   0x0000ed4f      0x187 Drivers/STM32L0xx_HAL_Driver/Src/stm32l0xx_hal.o
 .debug_macro   0x0000eed6       0x10 Drivers/STM32L0xx_HAL_Driver/Src/stm32l0xx_hal.o
 .debug_macro   0x0000eee6       0x1c Drivers/STM32L0xx_HAL_Driver/Src/stm32l0xx_hal.o
 .debug_macro   0x0000ef02       0x52 Drivers/STM32L0xx_HAL_Driver/Src/stm32l0xx_hal.o
 .debug_macro   0x0000ef54       0x40 Drivers/STM32L0xx_HAL_Driver/Src/stm32l0xx_hal.o
 .debug_macro   0x0000ef94       0x10 Drivers/STM32L0xx_HAL_Driver/Src/stm32l0xx_hal.o
 .debug_macro   0x0000efa4       0x40 Drivers/STM32L0xx_HAL_Driver/Src/stm32l0xx_hal.o
 .debug_macro   0x0000efe4       0xd7 Drivers/STM32L0xx_HAL_Driver/Src/stm32l0xx_hal.o
 .debug_macro   0x0000f0bb       0x16 Drivers/STM32L0xx_HAL_Driver/Src/stm32l0xx_hal.o
 .debug_macro   0x0000f0d1      0x189 Drivers/STM32L0xx_HAL_Driver/Src/stm32l0xx_hal.o
 .debug_macro   0x0000f25a       0x50 Drivers/STM32L0xx_HAL_Driver/Src/stm32l0xx_hal.o
 .debug_macro   0x0000f2aa      0x7eb Drivers/STM32L0xx_HAL_Driver/Src/stm32l0xx_hal.o
 .debug_macro   0x0000fa95      0x7b9 Drivers/STM32L0xx_HAL_Driver/Src/stm32l0xx_hal.o
 .debug_macro   0x0001024e      0x14d Drivers/STM32L0xx_HAL_Driver/Src/stm32l0xx_hal.o
 .debug_macro   0x0001039b      0x184 Drivers/STM32L0xx_HAL_Driver/Src/stm32l0xx_hal.o
 .debug_macro   0x0001051f      0x272 Drivers/STM32L0xx_HAL_Driver/Src/stm32l0xx_hal.o
 .debug_macro   0x00010791      0x1ef Drivers/STM32L0xx_HAL_Driver/Src/stm32l0xx_hal.o
 .debug_macro   0x00010980      0x120 Drivers/STM32L0xx_HAL_Driver/Src/stm32l0xx_hal.o
 .debug_macro   0x00010aa0      0x2bf Drivers/STM32L0xx_HAL_Driver/Src/stm32l0xx_hal.o
 .debug_macro   0x00010d5f       0x12 Drivers/STM32L0xx_HAL_Driver/Src/stm32l0xx_hal.o
 .debug_macro   0x00010d71      0x1d0 Drivers/STM32L0xx_HAL_Driver/Src/stm32l0xx_hal.o
 .debug_macro   0x00010f41       0x4d Drivers/STM32L0xx_HAL_Driver/Src/stm32l0xx_hal.o
 .debug_macro   0x00010f8e       0x66 Drivers/STM32L0xx_HAL_Driver/Src/stm32l0xx_hal.o
 .debug_macro   0x00010ff4      0x3fa Drivers/STM32L0xx_HAL_Driver/Src/stm32l0xx_hal.o
 .debug_macro   0x000113ee      0x189 Drivers/STM32L0xx_HAL_Driver/Src/stm32l0xx_hal.o
 .debug_macro   0x00011577       0x16 Drivers/STM32L0xx_HAL_Driver/Src/stm32l0xx_hal.o
 .debug_macro   0x0001158d      0x30c Drivers/STM32L0xx_HAL_Driver/Src/stm32l0xx_hal.o
 .debug_macro   0x00011899      0x3f1 Drivers/STM32L0xx_HAL_Driver/Src/stm32l0xx_hal.o
 .debug_macro   0x00011c8a       0xdd Drivers/STM32L0xx_HAL_Driver/Src/stm32l0xx_hal.o
 .debug_macro   0x00011d67      0x703 Drivers/STM32L0xx_HAL_Driver/Src/stm32l0xx_hal.o
 .debug_macro   0x0001246a      0x120 Drivers/STM32L0xx_HAL_Driver/Src/stm32l0xx_hal.o
 .debug_macro   0x0001258a      0x165 Drivers/STM32L0xx_HAL_Driver/Src/stm32l0xx_hal.o
 .debug_macro   0x000126ef      0x311 Drivers/STM32L0xx_HAL_Driver/Src/stm32l0xx_hal_cortex.o
 .debug_macro   0x00012a00      0x34a Drivers/STM32L0xx_HAL_Driver/Src/stm32l0xx_hal_gpio.o
 .debug_macro   0x00012d4a      0x317 Drivers/STM32L0xx_HAL_Driver/Src/stm32l0xx_hal_lcd.o
 .debug_macro   0x00013061      0x329 Drivers/STM32L0xx_HAL_Driver/Src/stm32l0xx_hal_pwr.o
 .debug_macro   0x0001338a      0x317 Drivers/STM32L0xx_HAL_Driver/Src/stm32l0xx_hal_pwr_ex.o
 .debug_macro   0x000136a1      0x35f Drivers/STM32L0xx_HAL_Driver/Src/stm32l0xx_hal_rcc.o
 .debug_macro   0x00013a00      0x323 Drivers/STM32L0xx_HAL_Driver/Src/stm32l0xx_hal_rcc_ex.o
 .debug_macro   0x00013d23      0x311 Drivers/STM32L0xx_HAL_Driver/Src/stm32l0xx_hal_rtc.o
 .debug_macro   0x00014034      0x311 Drivers/STM32L0xx_HAL_Driver/Src/stm32l0xx_hal_rtc_ex.o
 .debug_macro   0x00014345      0x312 Drivers/STM32L0xx_HAL_Driver/Src/stm32l0xx_hal_tim.o
 .debug_macro   0x00014657      0x311 Drivers/STM32L0xx_HAL_Driver/Src/stm32l0xx_hal_tim_ex.o
 .debug_macro   0x00014968      0x31b Src/gpio.o
 .debug_macro   0x00014c83      0x325 Src/lcd.o
 .debug_macro   0x00014fa8      0x320 Src/lcd_dl1178.o
 .debug_macro   0x000152c8       0x34 Src/lcd_dl1178.o
 .debug_macro   0x000152fc      0x350 Src/main.o
 .debug_macro   0x0001564c       0x3a Src/main.o
 .debug_macro   0x00015686      0x31b Src/rtc.o
 .debug_macro   0x000159a1      0x311 Src/stm32l0xx_hal_msp.o
 .debug_macro   0x00015cb2      0x31b Src/stm32l0xx_it.o
 .debug_macro   0x00015fcd      0x31b Src/system_clock_conf.o
 .debug_macro   0x000162e8      0x317 Src/system_stm32l0xx.o
 .debug_macro   0x000165ff       0x34 Src/system_stm32l0xx.o
 .debug_macro   0x00016633       0x28 Src/system_stm32l0xx.o
 .debug_macro   0x0001665b      0x31b Src/tim.o

.debug_str      0x00000000    0x7bf9c
 .debug_str     0x00000000    0x78e8a Drivers/STM32L0xx_HAL_Driver/Src/stm32l0xx_hal.o
                              0x79292 (size before relaxing)
 .debug_str     0x00078e8a      0x2ab Drivers/STM32L0xx_HAL_Driver/Src/stm32l0xx_hal_cortex.o
                              0x790b0 (size before relaxing)
 .debug_str     0x00079135      0x2c6 Drivers/STM32L0xx_HAL_Driver/Src/stm32l0xx_hal_gpio.o
                              0x78f43 (size before relaxing)
 .debug_str     0x000793fb      0x263 Drivers/STM32L0xx_HAL_Driver/Src/stm32l0xx_hal_lcd.o
                              0x78e4e (size before relaxing)
 .debug_str     0x0007965e      0x2ac Drivers/STM32L0xx_HAL_Driver/Src/stm32l0xx_hal_pwr.o
                              0x78f1b (size before relaxing)
 .debug_str     0x0007990a      0x11e Drivers/STM32L0xx_HAL_Driver/Src/stm32l0xx_hal_pwr_ex.o
                              0x78ccd (size before relaxing)
 .debug_str     0x00079a28      0x4c0 Drivers/STM32L0xx_HAL_Driver/Src/stm32l0xx_hal_rcc.o
                              0x7924b (size before relaxing)
 .debug_str     0x00079ee8      0x3d4 Drivers/STM32L0xx_HAL_Driver/Src/stm32l0xx_hal_rcc_ex.o
                              0x79104 (size before relaxing)
 .debug_str     0x0007a2bc      0x417 Drivers/STM32L0xx_HAL_Driver/Src/stm32l0xx_hal_rtc.o
                              0x79077 (size before relaxing)
 .debug_str     0x0007a6d3      0x49a Drivers/STM32L0xx_HAL_Driver/Src/stm32l0xx_hal_rtc_ex.o
                              0x7933c (size before relaxing)
 .debug_str     0x0007ab6d      0xcc0 Drivers/STM32L0xx_HAL_Driver/Src/stm32l0xx_hal_tim.o
                              0x799ab (size before relaxing)
 .debug_str     0x0007b82d       0xc1 Drivers/STM32L0xx_HAL_Driver/Src/stm32l0xx_hal_tim_ex.o
                              0x78fee (size before relaxing)
 .debug_str     0x0007b8ee       0x25 Src/gpio.o
                              0x78e95 (size before relaxing)
 .debug_str     0x0007b913       0x4c Src/lcd.o
                              0x78ec5 (size before relaxing)
 .debug_str     0x0007b95f      0x1fc Src/lcd_dl1178.o
                              0x78efb (size before relaxing)
 .debug_str     0x0007bb5b      0x2d7 Src/main.o
                              0x798c5 (size before relaxing)
 .debug_str     0x0007be32       0x17 Src/rtc.o
                              0x790ec (size before relaxing)
 .debug_str     0x0007be49       0x27 Src/stm32l0xx_hal_msp.o
                              0x78dc0 (size before relaxing)
 .debug_str     0x0007be70       0x7c Src/stm32l0xx_it.o
                              0x78df3 (size before relaxing)
 .debug_str     0x0007beec       0x1b Src/system_clock_conf.o
                              0x79049 (size before relaxing)
 .debug_str     0x0007bf07       0x51 Src/system_stm32l0xx.o
                              0x78cd8 (size before relaxing)
 .debug_str     0x0007bf58       0x44 Src/tim.o
                              0x7923a (size before relaxing)

.comment        0x00000000       0x6e
 .comment       0x00000000       0x6e Drivers/STM32L0xx_HAL_Driver/Src/stm32l0xx_hal.o
                                 0x6f (size before relaxing)
 .comment       0x0000006e       0x6f Drivers/STM32L0xx_HAL_Driver/Src/stm32l0xx_hal_cortex.o
 .comment       0x0000006e       0x6f Drivers/STM32L0xx_HAL_Driver/Src/stm32l0xx_hal_gpio.o
 .comment       0x0000006e       0x6f Drivers/STM32L0xx_HAL_Driver/Src/stm32l0xx_hal_lcd.o
 .comment       0x0000006e       0x6f Drivers/STM32L0xx_HAL_Driver/Src/stm32l0xx_hal_pwr.o
 .comment       0x0000006e       0x6f Drivers/STM32L0xx_HAL_Driver/Src/stm32l0xx_hal_pwr_ex.o
 .comment       0x0000006e       0x6f Drivers/STM32L0xx_HAL_Driver/Src/stm32l0xx_hal_rcc.o
 .comment       0x0000006e       0x6f Drivers/STM32L0xx_HAL_Driver/Src/stm32l0xx_hal_rcc_ex.o
 .comment       0x0000006e       0x6f Drivers/STM32L0xx_HAL_Driver/Src/stm32l0xx_hal_rtc.o
 .comment       0x0000006e       0x6f Drivers/STM32L0xx_HAL_Driver/Src/stm32l0xx_hal_rtc_ex.o
 .comment       0x0000006e       0x6f Drivers/STM32L0xx_HAL_Driver/Src/stm32l0xx_hal_tim.o
 .comment       0x0000006e       0x6f Drivers/STM32L0xx_HAL_Driver/Src/stm32l0xx_hal_tim_ex.o
 .comment       0x0000006e       0x6f Src/gpio.o
 .comment       0x0000006e       0x6f Src/lcd.o
 .comment       0x0000006e       0x6f Src/lcd_dl1178.o
 .comment       0x0000006e       0x6f Src/main.o
 .comment       0x0000006e       0x6f Src/rtc.o
 .comment       0x0000006e       0x6f Src/stm32l0xx_hal_msp.o
 .comment       0x0000006e       0x6f Src/stm32l0xx_it.o
 .comment       0x0000006e       0x6f Src/system_clock_conf.o
 .comment       0x0000006e       0x6f Src/system_stm32l0xx.o
 .comment       0x0000006e       0x6f Src/tim.o

.debug_frame    0x00000000     0x1b3c
 .debug_frame   0x00000000      0x1c4 Drivers/STM32L0xx_HAL_Driver/Src/stm32l0xx_hal.o
 .debug_frame   0x000001c4       0xf4 Drivers/STM32L0xx_HAL_Driver/Src/stm32l0xx_hal_cortex.o
 .debug_frame   0x000002b8       0xbc Drivers/STM32L0xx_HAL_Driver/Src/stm32l0xx_hal_gpio.o
 .debug_frame   0x00000374      0x114 Drivers/STM32L0xx_HAL_Driver/Src/stm32l0xx_hal_lcd.o
 .debug_frame   0x00000488      0x13c Drivers/STM32L0xx_HAL_Driver/Src/stm32l0xx_hal_pwr.o
 .debug_frame   0x000005c4       0x78 Drivers/STM32L0xx_HAL_Driver/Src/stm32l0xx_hal_pwr_ex.o
 .debug_frame   0x0000063c      0x134 Drivers/STM32L0xx_HAL_Driver/Src/stm32l0xx_hal_rcc.o
 .debug_frame   0x00000770      0x12c Drivers/STM32L0xx_HAL_Driver/Src/stm32l0xx_hal_rcc_ex.o
 .debug_frame   0x0000089c      0x230 Drivers/STM32L0xx_HAL_Driver/Src/stm32l0xx_hal_rtc.o
 .debug_frame   0x00000acc      0x37c Drivers/STM32L0xx_HAL_Driver/Src/stm32l0xx_hal_rtc_ex.o
 .debug_frame   0x00000e48      0x8c8 Drivers/STM32L0xx_HAL_Driver/Src/stm32l0xx_hal_tim.o
 .debug_frame   0x00001710       0x44 Drivers/STM32L0xx_HAL_Driver/Src/stm32l0xx_hal_tim_ex.o
 .debug_frame   0x00001754       0x30 Src/gpio.o
 .debug_frame   0x00001784       0x60 Src/lcd.o
 .debug_frame   0x000017e4       0x48 Src/lcd_dl1178.o
 .debug_frame   0x0000182c       0xd4 Src/main.o
 .debug_frame   0x00001900       0x5c Src/rtc.o
 .debug_frame   0x0000195c       0x28 Src/stm32l0xx_hal_msp.o
 .debug_frame   0x00001984       0x98 Src/stm32l0xx_it.o
 .debug_frame   0x00001a1c       0x28 Src/system_clock_conf.o
 .debug_frame   0x00001a44       0x3c Src/system_stm32l0xx.o
 .debug_frame   0x00001a80       0x70 Src/tim.o
 .debug_frame   0x00001af0       0x20 /home/peter/eclipse/plugins/fr.ac6.mcu.externaltools.arm-none.linux64_1.12.0.201611241417/tools/compiler/bin/../lib/gcc/arm-none-eabi/5.4.1/armv6-m/libgcc.a(_udivsi3.o)
 .debug_frame   0x00001b10       0x2c /home/peter/eclipse/plugins/fr.ac6.mcu.externaltools.arm-none.linux64_1.12.0.201611241417/tools/compiler/bin/../lib/gcc/arm-none-eabi/5.4.1/../../../../arm-none-eabi/lib/armv6-m/libc_nano.a(lib_a-init.o)
